{"op_code":0,"worker_id":"f2530293-e623-4917-8c05-11e5ae2ad72e-139636657270784","study_name":"SensorFinger_12_optuna_evolutionary","directions":[2,2,2]}
{"op_code":4,"worker_id":"f2530293-e623-4917-8c05-11e5ae2ad72e-139636657270784","study_id":0,"datetime_start":"2026-05-28T19:42:59.911749"}
{"op_code":9,"worker_id":"f2530293-e623-4917-8c05-11e5ae2ad72e-139636657270784","trial_id":0,"system_attr":{"nsga2:generation":0}}
{"op_code":5,"worker_id":"f2530293-e623-4917-8c05-11e5ae2ad72e-139636657270784","trial_id":0,"param_name":"JointSlopeAngle","param_value_internal":0.887872625480204,"distribution":"{\"name\": \"FloatDistribution\", \"attributes\": {\"step\": null, \"low\": 0.17453292519943295, \"high\": 1.0471975511965976, \"log\": false}}"}
{"op_code":5,"worker_id":"f2530293-e623-4917-8c05-11e5ae2ad72e-139636657270784","trial_id":0,"param_name":"OuterRadius","param_value_internal":11.953969975173086,"distribution":"{\"name\": \"FloatDistribution\", \"attributes\": {\"step\": null, \"low\": 8.75, \"high\": 17.75, \"log\": false}}"}
{"op_code":5,"worker_id":"f2530293-e623-4917-8c05-11e5ae2ad72e-139636657270784","trial_id":0,"param_name":"JointHeight","param_value_internal":6.837106432194956,"distribution":"{\"name\": \"FloatDistribution\", \"attributes\": {\"step\": null, \"low\": 5.0, \"high\": 8.0, \"log\": false}}"}
{"op_code":5,"worker_id":"f2530293-e623-4917-8c05-11e5ae2ad72e-139636657270784","trial_id":0,"param_name":"CavityCorkThickness","param_value_internal":3.574306766573052,"distribution":"{\"name\": \"FloatDistribution\", \"attributes\": {\"step\": null, \"low\": 2.0, \"high\": 5.0, \"log\": false}}"}
{"op_code":5,"worker_id":"f2530293-e623-4917-8c05-11e5ae2ad72e-139636657270784","trial_id":0,"param_name":"BellowHeight","param_value_internal":8.08853859776602,"distribution":"{\"name\": \"FloatDistribution\", \"attributes\": {\"step\": null, \"low\": 6.0, \"high\": 10.0, \"log\": false}}"}
{"op_code":5,"worker_id":"f2530293-e623-4917-8c05-11e5ae2ad72e-139636657270784","trial_id":0,"param_name":"WallThickness","param_value_internal":2.7477573116940883,"distribution":"{\"name\": \"FloatDistribution\", \"attributes\": {\"step\": null, \"low\": 2.0, \"high\": 4.0, \"log\": false}}"}
{"op_code":5,"worker_id":"f2530293-e623-4917-8c05-11e5ae2ad72e-139636657270784","trial_id":0,"param_name":"PlateauHeight","param_value_internal":3.90100736813715,"distribution":"{\"name\": \"FloatDistribution\", \"attributes\": {\"step\": null, \"low\": 2.0, \"high\": 4.0, \"log\": false}}"}
{"op_code":0,"worker_id":"ebeb9857-3443-42f3-b405-d292855907cd-140375451369472","study_name":"SensorFinger_12_optuna_evolutionary","directions":[2,2,2]}
{"op_code":0,"worker_id":"ebeb9857-3443-42f3-b405-d292855907cd-140375451369472","study_name":"SensorFinger_12_optuna_evolutionary","directions":[2,2,2]}
{"op_code":4,"worker_id":"ebeb9857-3443-42f3-b405-d292855907cd-140375451369472","study_id":0,"datetime_start":"2026-05-28T19:43:01.150777"}
{"op_code":9,"worker_id":"ebeb9857-3443-42f3-b405-d292855907cd-140375451369472","trial_id":1,"system_attr":{"nsga2:generation":0}}
{"op_code":5,"worker_id":"ebeb9857-3443-42f3-b405-d292855907cd-140375451369472","trial_id":1,"param_name":"JointSlopeAngle","param_value_internal":0.7291952460234824,"distribution":"{\"name\": \"FloatDistribution\", \"attributes\": {\"step\": null, \"low\": 0.17453292519943295, \"high\": 1.0471975511965976, \"log\": false}}"}
{"op_code":5,"worker_id":"ebeb9857-3443-42f3-b405-d292855907cd-140375451369472","trial_id":1,"param_name":"OuterRadius","param_value_internal":11.7083371497853,"distribution":"{\"name\": \"FloatDistribution\", \"attributes\": {\"step\": null, \"low\": 8.75, \"high\": 17.75, \"log\": false}}"}
{"op_code":5,"worker_id":"ebeb9857-3443-42f3-b405-d292855907cd-140375451369472","trial_id":1,"param_name":"JointHeight","param_value_internal":7.892444628468718,"distribution":"{\"name\": \"FloatDistribution\", \"attributes\": {\"step\": null, \"low\": 5.0, \"high\": 8.0, \"log\": false}}"}
{"op_code":5,"worker_id":"ebeb9857-3443-42f3-b405-d292855907cd-140375451369472","trial_id":1,"param_name":"CavityCorkThickness","param_value_internal":2.1140402359899118,"distribution":"{\"name\": \"FloatDistribution\", \"attributes\": {\"step\": null, \"low\": 2.0, \"high\": 5.0, \"log\": false}}"}
{"op_code":5,"worker_id":"ebeb9857-3443-42f3-b405-d292855907cd-140375451369472","trial_id":1,"param_name":"BellowHeight","param_value_internal":6.992722153232828,"distribution":"{\"name\": \"FloatDistribution\", \"attributes\": {\"step\": null, \"low\": 6.0, \"high\": 10.0, \"log\": false}}"}
{"op_code":5,"worker_id":"ebeb9857-3443-42f3-b405-d292855907cd-140375451369472","trial_id":1,"param_name":"WallThickness","param_value_internal":3.148156773289473,"distribution":"{\"name\": \"FloatDistribution\", \"attributes\": {\"step\": null, \"low\": 2.0, \"high\": 4.0, \"log\": false}}"}
{"op_code":5,"worker_id":"ebeb9857-3443-42f3-b405-d292855907cd-140375451369472","trial_id":1,"param_name":"PlateauHeight","param_value_internal":3.3872406233106744,"distribution":"{\"name\": \"FloatDistribution\", \"attributes\": {\"step\": null, \"low\": 2.0, \"high\": 4.0, \"log\": false}}"}
{"op_code":6,"worker_id":"ebeb9857-3443-42f3-b405-d292855907cd-140375451369472","trial_id":1,"state":1,"values":[-Infinity,-Infinity,-Infinity],"datetime_complete":"2026-05-28T19:43:15.101138"}
{"op_code":4,"worker_id":"ebeb9857-3443-42f3-b405-d292855907cd-140375451369472","study_id":0,"datetime_start":"2026-05-28T19:43:15.117925"}
{"op_code":9,"worker_id":"ebeb9857-3443-42f3-b405-d292855907cd-140375451369472","trial_id":2,"system_attr":{"nsga2:generation":0}}
{"op_code":5,"worker_id":"ebeb9857-3443-42f3-b405-d292855907cd-140375451369472","trial_id":2,"param_name":"JointSlopeAngle","param_value_internal":0.4948191229173906,"distribution":"{\"name\": \"FloatDistribution\", \"attributes\": {\"step\": null, \"low\": 0.17453292519943295, \"high\": 1.0471975511965976, \"log\": false}}"}
{"op_code":5,"worker_id":"ebeb9857-3443-42f3-b405-d292855907cd-140375451369472","trial_id":2,"param_name":"OuterRadius","param_value_internal":11.727064959079343,"distribution":"{\"name\": \"FloatDistribution\", \"attributes\": {\"step\": null, \"low\": 8.75, \"high\": 17.75, \"log\": false}}"}
{"op_code":5,"worker_id":"ebeb9857-3443-42f3-b405-d292855907cd-140375451369472","trial_id":2,"param_name":"JointHeight","param_value_internal":5.48797747015444,"distribution":"{\"name\": \"FloatDistribution\", \"attributes\": {\"step\": null, \"low\": 5.0, \"high\": 8.0, \"log\": false}}"}
{"op_code":5,"worker_id":"ebeb9857-3443-42f3-b405-d292855907cd-140375451369472","trial_id":2,"param_name":"CavityCorkThickness","param_value_internal":3.793720163686407,"distribution":"{\"name\": \"FloatDistribution\", \"attributes\": {\"step\": null, \"low\": 2.0, \"high\": 5.0, \"log\": false}}"}
{"op_code":5,"worker_id":"ebeb9857-3443-42f3-b405-d292855907cd-140375451369472","trial_id":2,"param_name":"BellowHeight","param_value_internal":7.739225117353376,"distribution":"{\"name\": \"FloatDistribution\", \"attributes\": {\"step\": null, \"low\": 6.0, \"high\": 10.0, \"log\": false}}"}
{"op_code":5,"worker_id":"ebeb9857-3443-42f3-b405-d292855907cd-140375451369472","trial_id":2,"param_name":"WallThickness","param_value_internal":2.9719936889706338,"distribution":"{\"name\": \"FloatDistribution\", \"attributes\": {\"step\": null, \"low\": 2.0, \"high\": 4.0, \"log\": false}}"}
{"op_code":5,"worker_id":"ebeb9857-3443-42f3-b405-d292855907cd-140375451369472","trial_id":2,"param_name":"PlateauHeight","param_value_internal":3.21797444383635,"distribution":"{\"name\": \"FloatDistribution\", \"attributes\": {\"step\": null, \"low\": 2.0, \"high\": 4.0, \"log\": false}}"}
{"op_code":6,"worker_id":"f2530293-e623-4917-8c05-11e5ae2ad72e-139636657270784","trial_id":0,"state":1,"values":[-Infinity,-Infinity,-Infinity],"datetime_complete":"2026-05-28T19:43:37.894725"}
{"op_code":4,"worker_id":"f2530293-e623-4917-8c05-11e5ae2ad72e-139636657270784","study_id":0,"datetime_start":"2026-05-28T19:43:37.905443"}
{"op_code":9,"worker_id":"f2530293-e623-4917-8c05-11e5ae2ad72e-139636657270784","trial_id":3,"system_attr":{"nsga2:generation":0}}
{"op_code":5,"worker_id":"f2530293-e623-4917-8c05-11e5ae2ad72e-139636657270784","trial_id":3,"param_name":"JointSlopeAngle","param_value_internal":0.8302768242713144,"distribution":"{\"name\": \"FloatDistribution\", \"attributes\": {\"step\": null, \"low\": 0.17453292519943295, \"high\": 1.0471975511965976, \"log\": false}}"}
{"op_code":5,"worker_id":"f2530293-e623-4917-8c05-11e5ae2ad72e-139636657270784","trial_id":3,"param_name":"OuterRadius","param_value_internal":15.061575839452182,"distribution":"{\"name\": \"FloatDistribution\", \"attributes\": {\"step\": null, \"low\": 8.75, \"high\": 17.75, \"log\": false}}"}
{"op_code":5,"worker_id":"f2530293-e623-4917-8c05-11e5ae2ad72e-139636657270784","trial_id":3,"param_name":"JointHeight","param_value_internal":5.852030900581668,"distribution":"{\"name\": \"FloatDistribution\", \"attributes\": {\"step\": null, \"low\": 5.0, \"high\": 8.0, \"log\": false}}"}
{"op_code":5,"worker_id":"f2530293-e623-4917-8c05-11e5ae2ad72e-139636657270784","trial_id":3,"param_name":"CavityCorkThickness","param_value_internal":2.7893684231321942,"distribution":"{\"name\": \"FloatDistribution\", \"attributes\": {\"step\": null, \"low\": 2.0, \"high\": 5.0, \"log\": false}}"}
{"op_code":5,"worker_id":"f2530293-e623-4917-8c05-11e5ae2ad72e-139636657270784","trial_id":3,"param_name":"BellowHeight","param_value_internal":8.373453807553041,"distribution":"{\"name\": \"FloatDistribution\", \"attributes\": {\"step\": null, \"low\": 6.0, \"high\": 10.0, \"log\": false}}"}
{"op_code":5,"worker_id":"f2530293-e623-4917-8c05-11e5ae2ad72e-139636657270784","trial_id":3,"param_name":"WallThickness","param_value_internal":2.8750906821568574,"distribution":"{\"name\": \"FloatDistribution\", \"attributes\": {\"step\": null, \"low\": 2.0, \"high\": 4.0, \"log\": false}}"}
{"op_code":5,"worker_id":"f2530293-e623-4917-8c05-11e5ae2ad72e-139636657270784","trial_id":3,"param_name":"PlateauHeight","param_value_internal":2.646316489812678,"distribution":"{\"name\": \"FloatDistribution\", \"attributes\": {\"step\": null, \"low\": 2.0, \"high\": 4.0, \"log\": false}}"}
{"op_code":6,"worker_id":"ebeb9857-3443-42f3-b405-d292855907cd-140375451369472","trial_id":2,"state":1,"values":[-Infinity,-Infinity,-Infinity],"datetime_complete":"2026-05-28T19:43:57.260614"}
{"op_code":4,"worker_id":"ebeb9857-3443-42f3-b405-d292855907cd-140375451369472","study_id":0,"datetime_start":"2026-05-28T19:43:57.276107"}
{"op_code":9,"worker_id":"ebeb9857-3443-42f3-b405-d292855907cd-140375451369472","trial_id":4,"system_attr":{"nsga2:generation":0}}
{"op_code":5,"worker_id":"ebeb9857-3443-42f3-b405-d292855907cd-140375451369472","trial_id":4,"param_name":"JointSlopeAngle","param_value_internal":0.2319422112720683,"distribution":"{\"name\": \"FloatDistribution\", \"attributes\": {\"step\": null, \"low\": 0.17453292519943295, \"high\": 1.0471975511965976, \"log\": false}}"}
{"op_code":5,"worker_id":"ebeb9857-3443-42f3-b405-d292855907cd-140375451369472","trial_id":4,"param_name":"OuterRadius","param_value_internal":9.41392118798784,"distribution":"{\"name\": \"FloatDistribution\", \"attributes\": {\"step\": null, \"low\": 8.75, \"high\": 17.75, \"log\": false}}"}
{"op_code":5,"worker_id":"ebeb9857-3443-42f3-b405-d292855907cd-140375451369472","trial_id":4,"param_name":"JointHeight","param_value_internal":5.64539536574026,"distribution":"{\"name\": \"FloatDistribution\", \"attributes\": {\"step\": null, \"low\": 5.0, \"high\": 8.0, \"log\": false}}"}
{"op_code":5,"worker_id":"ebeb9857-3443-42f3-b405-d292855907cd-140375451369472","trial_id":4,"param_name":"CavityCorkThickness","param_value_internal":2.0153597565907226,"distribution":"{\"name\": \"FloatDistribution\", \"attributes\": {\"step\": null, \"low\": 2.0, \"high\": 5.0, \"log\": false}}"}
{"op_code":5,"worker_id":"ebeb9857-3443-42f3-b405-d292855907cd-140375451369472","trial_id":4,"param_name":"BellowHeight","param_value_internal":9.565725738420033,"distribution":"{\"name\": \"FloatDistribution\", \"attributes\": {\"step\": null, \"low\": 6.0, \"high\": 10.0, \"log\": false}}"}
{"op_code":5,"worker_id":"ebeb9857-3443-42f3-b405-d292855907cd-140375451369472","trial_id":4,"param_name":"WallThickness","param_value_internal":2.582045068531288,"distribution":"{\"name\": \"FloatDistribution\", \"attributes\": {\"step\": null, \"low\": 2.0, \"high\": 4.0, \"log\": false}}"}
{"op_code":5,"worker_id":"ebeb9857-3443-42f3-b405-d292855907cd-140375451369472","trial_id":4,"param_name":"PlateauHeight","param_value_internal":2.230498895876768,"distribution":"{\"name\": \"FloatDistribution\", \"attributes\": {\"step\": null, \"low\": 2.0, \"high\": 4.0, \"log\": false}}"}
{"op_code":6,"worker_id":"f2530293-e623-4917-8c05-11e5ae2ad72e-139636657270784","trial_id":3,"state":1,"values":[-Infinity,-Infinity,-Infinity],"datetime_complete":"2026-05-28T19:44:12.131205"}
{"op_code":4,"worker_id":"f2530293-e623-4917-8c05-11e5ae2ad72e-139636657270784","study_id":0,"datetime_start":"2026-05-28T19:44:12.142565"}
{"op_code":9,"worker_id":"f2530293-e623-4917-8c05-11e5ae2ad72e-139636657270784","trial_id":5,"system_attr":{"nsga2:generation":0}}
{"op_code":5,"worker_id":"f2530293-e623-4917-8c05-11e5ae2ad72e-139636657270784","trial_id":5,"param_name":"JointSlopeAngle","param_value_internal":0.3501001686262608,"distribution":"{\"name\": \"FloatDistribution\", \"attributes\": {\"step\": null, \"low\": 0.17453292519943295, \"high\": 1.0471975511965976, \"log\": false}}"}
{"op_code":5,"worker_id":"f2530293-e623-4917-8c05-11e5ae2ad72e-139636657270784","trial_id":5,"param_name":"OuterRadius","param_value_internal":14.47461376854191,"distribution":"{\"name\": \"FloatDistribution\", \"attributes\": {\"step\": null, \"low\": 8.75, \"high\": 17.75, \"log\": false}}"}
{"op_code":5,"worker_id":"f2530293-e623-4917-8c05-11e5ae2ad72e-139636657270784","trial_id":5,"param_name":"JointHeight","param_value_internal":5.486725843662137,"distribution":"{\"name\": \"FloatDistribution\", \"attributes\": {\"step\": null, \"low\": 5.0, \"high\": 8.0, \"log\": false}}"}
{"op_code":5,"worker_id":"f2530293-e623-4917-8c05-11e5ae2ad72e-139636657270784","trial_id":5,"param_name":"CavityCorkThickness","param_value_internal":4.554243396812832,"distribution":"{\"name\": \"FloatDistribution\", \"attributes\": {\"step\": null, \"low\": 2.0, \"high\": 5.0, \"log\": false}}"}
{"op_code":5,"worker_id":"f2530293-e623-4917-8c05-11e5ae2ad72e-139636657270784","trial_id":5,"param_name":"BellowHeight","param_value_internal":9.675980298462735,"distribution":"{\"name\": \"FloatDistribution\", \"attributes\": {\"step\": null, \"low\": 6.0, \"high\": 10.0, \"log\": false}}"}
{"op_code":5,"worker_id":"f2530293-e623-4917-8c05-11e5ae2ad72e-139636657270784","trial_id":5,"param_name":"WallThickness","param_value_internal":2.813897442348863,"distribution":"{\"name\": \"FloatDistribution\", \"attributes\": {\"step\": null, \"low\": 2.0, \"high\": 4.0, \"log\": false}}"}
{"op_code":5,"worker_id":"f2530293-e623-4917-8c05-11e5ae2ad72e-139636657270784","trial_id":5,"param_name":"PlateauHeight","param_value_internal":3.933144890155084,"distribution":"{\"name\": \"FloatDistribution\", \"attributes\": {\"step\": null, \"low\": 2.0, \"high\": 4.0, \"log\": false}}"}
{"op_code":6,"worker_id":"f2530293-e623-4917-8c05-11e5ae2ad72e-139636657270784","trial_id":5,"state":1,"values":[-Infinity,-Infinity,-Infinity],"datetime_complete":"2026-05-28T19:44:31.246748"}
{"op_code":4,"worker_id":"f2530293-e623-4917-8c05-11e5ae2ad72e-139636657270784","study_id":0,"datetime_start":"2026-05-28T19:44:31.261391"}
{"op_code":9,"worker_id":"f2530293-e623-4917-8c05-11e5ae2ad72e-139636657270784","trial_id":6,"system_attr":{"nsga2:generation":0}}
{"op_code":5,"worker_id":"f2530293-e623-4917-8c05-11e5ae2ad72e-139636657270784","trial_id":6,"param_name":"JointSlopeAngle","param_value_internal":0.6486949075620868,"distribution":"{\"name\": \"FloatDistribution\", \"attributes\": {\"step\": null, \"low\": 0.17453292519943295, \"high\": 1.0471975511965976, \"log\": false}}"}
{"op_code":5,"worker_id":"f2530293-e623-4917-8c05-11e5ae2ad72e-139636657270784","trial_id":6,"param_name":"OuterRadius","param_value_internal":11.447041063400286,"distribution":"{\"name\": \"FloatDistribution\", \"attributes\": {\"step\": null, \"low\": 8.75, \"high\": 17.75, \"log\": false}}"}
{"op_code":5,"worker_id":"f2530293-e623-4917-8c05-11e5ae2ad72e-139636657270784","trial_id":6,"param_name":"JointHeight","param_value_internal":7.0744430760263946,"distribution":"{\"name\": \"FloatDistribution\", \"attributes\": {\"step\": null, \"low\": 5.0, \"high\": 8.0, \"log\": false}}"}
{"op_code":5,"worker_id":"f2530293-e623-4917-8c05-11e5ae2ad72e-139636657270784","trial_id":6,"param_name":"CavityCorkThickness","param_value_internal":4.8905387733706815,"distribution":"{\"name\": \"FloatDistribution\", \"attributes\": {\"step\": null, \"low\": 2.0, \"high\": 5.0, \"log\": false}}"}
{"op_code":5,"worker_id":"f2530293-e623-4917-8c05-11e5ae2ad72e-139636657270784","trial_id":6,"param_name":"BellowHeight","param_value_internal":9.34242023761528,"distribution":"{\"name\": \"FloatDistribution\", \"attributes\": {\"step\": null, \"low\": 6.0, \"high\": 10.0, \"log\": false}}"}
{"op_code":5,"worker_id":"f2530293-e623-4917-8c05-11e5ae2ad72e-139636657270784","trial_id":6,"param_name":"WallThickness","param_value_internal":2.868725208144765,"distribution":"{\"name\": \"FloatDistribution\", \"attributes\": {\"step\": null, \"low\": 2.0, \"high\": 4.0, \"log\": false}}"}
{"op_code":5,"worker_id":"f2530293-e623-4917-8c05-11e5ae2ad72e-139636657270784","trial_id":6,"param_name":"PlateauHeight","param_value_internal":2.2371404610718004,"distribution":"{\"name\": \"FloatDistribution\", \"attributes\": {\"step\": null, \"low\": 2.0, \"high\": 4.0, \"log\": false}}"}
{"op_code":6,"worker_id":"ebeb9857-3443-42f3-b405-d292855907cd-140375451369472","trial_id":4,"state":1,"values":[-Infinity,-Infinity,-Infinity],"datetime_complete":"2026-05-28T19:44:33.280150"}
{"op_code":4,"worker_id":"ebeb9857-3443-42f3-b405-d292855907cd-140375451369472","study_id":0,"datetime_start":"2026-05-28T19:44:33.297815"}
{"op_code":9,"worker_id":"ebeb9857-3443-42f3-b405-d292855907cd-140375451369472","trial_id":7,"system_attr":{"nsga2:generation":0}}
{"op_code":5,"worker_id":"ebeb9857-3443-42f3-b405-d292855907cd-140375451369472","trial_id":7,"param_name":"JointSlopeAngle","param_value_internal":0.4980554371601592,"distribution":"{\"name\": \"FloatDistribution\", \"attributes\": {\"step\": null, \"low\": 0.17453292519943295, \"high\": 1.0471975511965976, \"log\": false}}"}
{"op_code":5,"worker_id":"ebeb9857-3443-42f3-b405-d292855907cd-140375451369472","trial_id":7,"param_name":"OuterRadius","param_value_internal":11.31100715367495,"distribution":"{\"name\": \"FloatDistribution\", \"attributes\": {\"step\": null, \"low\": 8.75, \"high\": 17.75, \"log\": false}}"}
{"op_code":5,"worker_id":"ebeb9857-3443-42f3-b405-d292855907cd-140375451369472","trial_id":7,"param_name":"JointHeight","param_value_internal":5.697705417819864,"distribution":"{\"name\": \"FloatDistribution\", \"attributes\": {\"step\": null, \"low\": 5.0, \"high\": 8.0, \"log\": false}}"}
{"op_code":5,"worker_id":"ebeb9857-3443-42f3-b405-d292855907cd-140375451369472","trial_id":7,"param_name":"CavityCorkThickness","param_value_internal":4.226483504196434,"distribution":"{\"name\": \"FloatDistribution\", \"attributes\": {\"step\": null, \"low\": 2.0, \"high\": 5.0, \"log\": false}}"}
{"op_code":5,"worker_id":"ebeb9857-3443-42f3-b405-d292855907cd-140375451369472","trial_id":7,"param_name":"BellowHeight","param_value_internal":7.237434566197503,"distribution":"{\"name\": \"FloatDistribution\", \"attributes\": {\"step\": null, \"low\": 6.0, \"high\": 10.0, \"log\": false}}"}
{"op_code":5,"worker_id":"ebeb9857-3443-42f3-b405-d292855907cd-140375451369472","trial_id":7,"param_name":"WallThickness","param_value_internal":3.667686474721466,"distribution":"{\"name\": \"FloatDistribution\", \"attributes\": {\"step\": null, \"low\": 2.0, \"high\": 4.0, \"log\": false}}"}
{"op_code":5,"worker_id":"ebeb9857-3443-42f3-b405-d292855907cd-140375451369472","trial_id":7,"param_name":"PlateauHeight","param_value_internal":3.949057419303448,"distribution":"{\"name\": \"FloatDistribution\", \"attributes\": {\"step\": null, \"low\": 2.0, \"high\": 4.0, \"log\": false}}"}
{"op_code":6,"worker_id":"f2530293-e623-4917-8c05-11e5ae2ad72e-139636657270784","trial_id":6,"state":1,"values":[-Infinity,-Infinity,-Infinity],"datetime_complete":"2026-05-28T19:45:06.148690"}
{"op_code":4,"worker_id":"f2530293-e623-4917-8c05-11e5ae2ad72e-139636657270784","study_id":0,"datetime_start":"2026-05-28T19:45:06.160927"}
{"op_code":9,"worker_id":"f2530293-e623-4917-8c05-11e5ae2ad72e-139636657270784","trial_id":8,"system_attr":{"nsga2:generation":0}}
{"op_code":5,"worker_id":"f2530293-e623-4917-8c05-11e5ae2ad72e-139636657270784","trial_id":8,"param_name":"JointSlopeAngle","param_value_internal":0.6504040937977688,"distribution":"{\"name\": \"FloatDistribution\", \"attributes\": {\"step\": null, \"low\": 0.17453292519943295, \"high\": 1.0471975511965976, \"log\": false}}"}
{"op_code":5,"worker_id":"f2530293-e623-4917-8c05-11e5ae2ad72e-139636657270784","trial_id":8,"param_name":"OuterRadius","param_value_internal":13.490050145792207,"distribution":"{\"name\": \"FloatDistribution\", \"attributes\": {\"step\": null, \"low\": 8.75, \"high\": 17.75, \"log\": false}}"}
{"op_code":5,"worker_id":"f2530293-e623-4917-8c05-11e5ae2ad72e-139636657270784","trial_id":8,"param_name":"JointHeight","param_value_internal":6.803795910612541,"distribution":"{\"name\": \"FloatDistribution\", \"attributes\": {\"step\": null, \"low\": 5.0, \"high\": 8.0, \"log\": false}}"}
{"op_code":5,"worker_id":"f2530293-e623-4917-8c05-11e5ae2ad72e-139636657270784","trial_id":8,"param_name":"CavityCorkThickness","param_value_internal":2.4417818555781254,"distribution":"{\"name\": \"FloatDistribution\", \"attributes\": {\"step\": null, \"low\": 2.0, \"high\": 5.0, \"log\": false}}"}
{"op_code":5,"worker_id":"f2530293-e623-4917-8c05-11e5ae2ad72e-139636657270784","trial_id":8,"param_name":"BellowHeight","param_value_internal":7.967004358953741,"distribution":"{\"name\": \"FloatDistribution\", \"attributes\": {\"step\": null, \"low\": 6.0, \"high\": 10.0, \"log\": false}}"}
{"op_code":5,"worker_id":"f2530293-e623-4917-8c05-11e5ae2ad72e-139636657270784","trial_id":8,"param_name":"WallThickness","param_value_internal":3.3540196152427963,"distribution":"{\"name\": \"FloatDistribution\", \"attributes\": {\"step\": null, \"low\": 2.0, \"high\": 4.0, \"log\": false}}"}
{"op_code":5,"worker_id":"f2530293-e623-4917-8c05-11e5ae2ad72e-139636657270784","trial_id":8,"param_name":"PlateauHeight","param_value_internal":2.965103318942865,"distribution":"{\"name\": \"FloatDistribution\", \"attributes\": {\"step\": null, \"low\": 2.0, \"high\": 4.0, \"log\": false}}"}
{"op_code":6,"worker_id":"ebeb9857-3443-42f3-b405-d292855907cd-140375451369472","trial_id":7,"state":1,"values":[-Infinity,-Infinity,-Infinity],"datetime_complete":"2026-05-28T19:45:14.568294"}
{"op_code":4,"worker_id":"ebeb9857-3443-42f3-b405-d292855907cd-140375451369472","study_id":0,"datetime_start":"2026-05-28T19:45:14.583406"}
{"op_code":9,"worker_id":"ebeb9857-3443-42f3-b405-d292855907cd-140375451369472","trial_id":9,"system_attr":{"nsga2:generation":0}}
{"op_code":5,"worker_id":"ebeb9857-3443-42f3-b405-d292855907cd-140375451369472","trial_id":9,"param_name":"JointSlopeAngle","param_value_internal":0.29616858270143287,"distribution":"{\"name\": \"FloatDistribution\", \"attributes\": {\"step\": null, \"low\": 0.17453292519943295, \"high\": 1.0471975511965976, \"log\": false}}"}
{"op_code":5,"worker_id":"ebeb9857-3443-42f3-b405-d292855907cd-140375451369472","trial_id":9,"param_name":"OuterRadius","param_value_internal":8.896261735504265,"distribution":"{\"name\": \"FloatDistribution\", \"attributes\": {\"step\": null, \"low\": 8.75, \"high\": 17.75, \"log\": false}}"}
{"op_code":5,"worker_id":"ebeb9857-3443-42f3-b405-d292855907cd-140375451369472","trial_id":9,"param_name":"JointHeight","param_value_internal":6.811015096291964,"distribution":"{\"name\": \"FloatDistribution\", \"attributes\": {\"step\": null, \"low\": 5.0, \"high\": 8.0, \"log\": false}}"}
{"op_code":5,"worker_id":"ebeb9857-3443-42f3-b405-d292855907cd-140375451369472","trial_id":9,"param_name":"CavityCorkThickness","param_value_internal":2.8293827612666598,"distribution":"{\"name\": \"FloatDistribution\", \"attributes\": {\"step\": null, \"low\": 2.0, \"high\": 5.0, \"log\": false}}"}
{"op_code":5,"worker_id":"ebeb9857-3443-42f3-b405-d292855907cd-140375451369472","trial_id":9,"param_name":"BellowHeight","param_value_internal":8.447455033061734,"distribution":"{\"name\": \"FloatDistribution\", \"attributes\": {\"step\": null, \"low\": 6.0, \"high\": 10.0, \"log\": false}}"}
{"op_code":5,"worker_id":"ebeb9857-3443-42f3-b405-d292855907cd-140375451369472","trial_id":9,"param_name":"WallThickness","param_value_internal":2.6288088551572946,"distribution":"{\"name\": \"FloatDistribution\", \"attributes\": {\"step\": null, \"low\": 2.0, \"high\": 4.0, \"log\": false}}"}
{"op_code":5,"worker_id":"ebeb9857-3443-42f3-b405-d292855907cd-140375451369472","trial_id":9,"param_name":"PlateauHeight","param_value_internal":3.681572753590907,"distribution":"{\"name\": \"FloatDistribution\", \"attributes\": {\"step\": null, \"low\": 2.0, \"high\": 4.0, \"log\": false}}"}
{"op_code":6,"worker_id":"f2530293-e623-4917-8c05-11e5ae2ad72e-139636657270784","trial_id":8,"state":1,"values":[-Infinity,-Infinity,-Infinity],"datetime_complete":"2026-05-28T19:45:39.507552"}
{"op_code":4,"worker_id":"f2530293-e623-4917-8c05-11e5ae2ad72e-139636657270784","study_id":0,"datetime_start":"2026-05-28T19:45:39.518142"}
{"op_code":9,"worker_id":"f2530293-e623-4917-8c05-11e5ae2ad72e-139636657270784","trial_id":10,"system_attr":{"nsga2:generation":0}}
{"op_code":5,"worker_id":"f2530293-e623-4917-8c05-11e5ae2ad72e-139636657270784","trial_id":10,"param_name":"JointSlopeAngle","param_value_internal":0.22671839918719983,"distribution":"{\"name\": \"FloatDistribution\", \"attributes\": {\"step\": null, \"low\": 0.17453292519943295, \"high\": 1.0471975511965976, \"log\": false}}"}
{"op_code":5,"worker_id":"f2530293-e623-4917-8c05-11e5ae2ad72e-139636657270784","trial_id":10,"param_name":"OuterRadius","param_value_internal":14.74717037297531,"distribution":"{\"name\": \"FloatDistribution\", \"attributes\": {\"step\": null, \"low\": 8.75, \"high\": 17.75, \"log\": false}}"}
{"op_code":5,"worker_id":"f2530293-e623-4917-8c05-11e5ae2ad72e-139636657270784","trial_id":10,"param_name":"JointHeight","param_value_internal":6.54871307714264,"distribution":"{\"name\": \"FloatDistribution\", \"attributes\": {\"step\": null, \"low\": 5.0, \"high\": 8.0, \"log\": false}}"}
{"op_code":5,"worker_id":"f2530293-e623-4917-8c05-11e5ae2ad72e-139636657270784","trial_id":10,"param_name":"CavityCorkThickness","param_value_internal":3.025268440188925,"distribution":"{\"name\": \"FloatDistribution\", \"attributes\": {\"step\": null, \"low\": 2.0, \"high\": 5.0, \"log\": false}}"}
{"op_code":5,"worker_id":"f2530293-e623-4917-8c05-11e5ae2ad72e-139636657270784","trial_id":10,"param_name":"BellowHeight","param_value_internal":6.851150316531058,"distribution":"{\"name\": \"FloatDistribution\", \"attributes\": {\"step\": null, \"low\": 6.0, \"high\": 10.0, \"log\": false}}"}
{"op_code":5,"worker_id":"f2530293-e623-4917-8c05-11e5ae2ad72e-139636657270784","trial_id":10,"param_name":"WallThickness","param_value_internal":2.2448360589742613,"distribution":"{\"name\": \"FloatDistribution\", \"attributes\": {\"step\": null, \"low\": 2.0, \"high\": 4.0, \"log\": false}}"}
{"op_code":5,"worker_id":"f2530293-e623-4917-8c05-11e5ae2ad72e-139636657270784","trial_id":10,"param_name":"PlateauHeight","param_value_internal":3.0503988944936395,"distribution":"{\"name\": \"FloatDistribution\", \"attributes\": {\"step\": null, \"low\": 2.0, \"high\": 4.0, \"log\": false}}"}
{"op_code":6,"worker_id":"ebeb9857-3443-42f3-b405-d292855907cd-140375451369472","trial_id":9,"state":1,"values":[-Infinity,-Infinity,-Infinity],"datetime_complete":"2026-05-28T19:45:54.003361"}
{"op_code":4,"worker_id":"ebeb9857-3443-42f3-b405-d292855907cd-140375451369472","study_id":0,"datetime_start":"2026-05-28T19:45:54.016566"}
{"op_code":9,"worker_id":"ebeb9857-3443-42f3-b405-d292855907cd-140375451369472","trial_id":11,"system_attr":{"nsga2:generation":0}}
{"op_code":5,"worker_id":"ebeb9857-3443-42f3-b405-d292855907cd-140375451369472","trial_id":11,"param_name":"JointSlopeAngle","param_value_internal":0.26891757334653105,"distribution":"{\"name\": \"FloatDistribution\", \"attributes\": {\"step\": null, \"low\": 0.17453292519943295, \"high\": 1.0471975511965976, \"log\": false}}"}
{"op_code":5,"worker_id":"ebeb9857-3443-42f3-b405-d292855907cd-140375451369472","trial_id":11,"param_name":"OuterRadius","param_value_internal":17.508479447499976,"distribution":"{\"name\": \"FloatDistribution\", \"attributes\": {\"step\": null, \"low\": 8.75, \"high\": 17.75, \"log\": false}}"}
{"op_code":5,"worker_id":"ebeb9857-3443-42f3-b405-d292855907cd-140375451369472","trial_id":11,"param_name":"JointHeight","param_value_internal":6.214775925710069,"distribution":"{\"name\": \"FloatDistribution\", \"attributes\": {\"step\": null, \"low\": 5.0, \"high\": 8.0, \"log\": false}}"}
{"op_code":5,"worker_id":"ebeb9857-3443-42f3-b405-d292855907cd-140375451369472","trial_id":11,"param_name":"CavityCorkThickness","param_value_internal":2.4650265574799275,"distribution":"{\"name\": \"FloatDistribution\", \"attributes\": {\"step\": null, \"low\": 2.0, \"high\": 5.0, \"log\": false}}"}
{"op_code":5,"worker_id":"ebeb9857-3443-42f3-b405-d292855907cd-140375451369472","trial_id":11,"param_name":"BellowHeight","param_value_internal":8.79540735882612,"distribution":"{\"name\": \"FloatDistribution\", \"attributes\": {\"step\": null, \"low\": 6.0, \"high\": 10.0, \"log\": false}}"}
{"op_code":5,"worker_id":"ebeb9857-3443-42f3-b405-d292855907cd-140375451369472","trial_id":11,"param_name":"WallThickness","param_value_internal":3.0307806242614204,"distribution":"{\"name\": \"FloatDistribution\", \"attributes\": {\"step\": null, \"low\": 2.0, \"high\": 4.0, \"log\": false}}"}
{"op_code":5,"worker_id":"ebeb9857-3443-42f3-b405-d292855907cd-140375451369472","trial_id":11,"param_name":"PlateauHeight","param_value_internal":2.1409534318127177,"distribution":"{\"name\": \"FloatDistribution\", \"attributes\": {\"step\": null, \"low\": 2.0, \"high\": 4.0, \"log\": false}}"}
{"op_code":6,"worker_id":"f2530293-e623-4917-8c05-11e5ae2ad72e-139636657270784","trial_id":10,"state":1,"values":[-Infinity,-Infinity,-Infinity],"datetime_complete":"2026-05-28T19:46:13.425123"}
{"op_code":4,"worker_id":"f2530293-e623-4917-8c05-11e5ae2ad72e-139636657270784","study_id":0,"datetime_start":"2026-05-28T19:46:13.437414"}
{"op_code":9,"worker_id":"f2530293-e623-4917-8c05-11e5ae2ad72e-139636657270784","trial_id":12,"system_attr":{"nsga2:generation":0}}
{"op_code":5,"worker_id":"f2530293-e623-4917-8c05-11e5ae2ad72e-139636657270784","trial_id":12,"param_name":"JointSlopeAngle","param_value_internal":0.6860851089509267,"distribution":"{\"name\": \"FloatDistribution\", \"attributes\": {\"step\": null, \"low\": 0.17453292519943295, \"high\": 1.0471975511965976, \"log\": false}}"}
{"op_code":5,"worker_id":"f2530293-e623-4917-8c05-11e5ae2ad72e-139636657270784","trial_id":12,"param_name":"OuterRadius","param_value_internal":17.166314070517373,"distribution":"{\"name\": \"FloatDistribution\", \"attributes\": {\"step\": null, \"low\": 8.75, \"high\": 17.75, \"log\": false}}"}
{"op_code":5,"worker_id":"f2530293-e623-4917-8c05-11e5ae2ad72e-139636657270784","trial_id":12,"param_name":"JointHeight","param_value_internal":5.358430417168995,"distribution":"{\"name\": \"FloatDistribution\", \"attributes\": {\"step\": null, \"low\": 5.0, \"high\": 8.0, \"log\": false}}"}
{"op_code":5,"worker_id":"f2530293-e623-4917-8c05-11e5ae2ad72e-139636657270784","trial_id":12,"param_name":"CavityCorkThickness","param_value_internal":2.3841987009449284,"distribution":"{\"name\": \"FloatDistribution\", \"attributes\": {\"step\": null, \"low\": 2.0, \"high\": 5.0, \"log\": false}}"}
{"op_code":5,"worker_id":"f2530293-e623-4917-8c05-11e5ae2ad72e-139636657270784","trial_id":12,"param_name":"BellowHeight","param_value_internal":7.1256401143680375,"distribution":"{\"name\": \"FloatDistribution\", \"attributes\": {\"step\": null, \"low\": 6.0, \"high\": 10.0, \"log\": false}}"}
{"op_code":5,"worker_id":"f2530293-e623-4917-8c05-11e5ae2ad72e-139636657270784","trial_id":12,"param_name":"WallThickness","param_value_internal":2.1029090676776256,"distribution":"{\"name\": \"FloatDistribution\", \"attributes\": {\"step\": null, \"low\": 2.0, \"high\": 4.0, \"log\": false}}"}
{"op_code":5,"worker_id":"f2530293-e623-4917-8c05-11e5ae2ad72e-139636657270784","trial_id":12,"param_name":"PlateauHeight","param_value_internal":2.1438116033381385,"distribution":"{\"name\": \"FloatDistribution\", \"attributes\": {\"step\": null, \"low\": 2.0, \"high\": 4.0, \"log\": false}}"}
{"op_code":6,"worker_id":"ebeb9857-3443-42f3-b405-d292855907cd-140375451369472","trial_id":11,"state":1,"values":[-Infinity,-Infinity,-Infinity],"datetime_complete":"2026-05-28T19:46:36.603383"}
{"op_code":4,"worker_id":"ebeb9857-3443-42f3-b405-d292855907cd-140375451369472","study_id":0,"datetime_start":"2026-05-28T19:46:36.618473"}
{"op_code":9,"worker_id":"ebeb9857-3443-42f3-b405-d292855907cd-140375451369472","trial_id":13,"system_attr":{"nsga2:generation":0}}
{"op_code":5,"worker_id":"ebeb9857-3443-42f3-b405-d292855907cd-140375451369472","trial_id":13,"param_name":"JointSlopeAngle","param_value_internal":0.7544260968612471,"distribution":"{\"name\": \"FloatDistribution\", \"attributes\": {\"step\": null, \"low\": 0.17453292519943295, \"high\": 1.0471975511965976, \"log\": false}}"}
{"op_code":5,"worker_id":"ebeb9857-3443-42f3-b405-d292855907cd-140375451369472","trial_id":13,"param_name":"OuterRadius","param_value_internal":10.712241704671763,"distribution":"{\"name\": \"FloatDistribution\", \"attributes\": {\"step\": null, \"low\": 8.75, \"high\": 17.75, \"log\": false}}"}
{"op_code":5,"worker_id":"ebeb9857-3443-42f3-b405-d292855907cd-140375451369472","trial_id":13,"param_name":"JointHeight","param_value_internal":6.84674029631835,"distribution":"{\"name\": \"FloatDistribution\", \"attributes\": {\"step\": null, \"low\": 5.0, \"high\": 8.0, \"log\": false}}"}
{"op_code":5,"worker_id":"ebeb9857-3443-42f3-b405-d292855907cd-140375451369472","trial_id":13,"param_name":"CavityCorkThickness","param_value_internal":4.956413136642196,"distribution":"{\"name\": \"FloatDistribution\", \"attributes\": {\"step\": null, \"low\": 2.0, \"high\": 5.0, \"log\": false}}"}
{"op_code":5,"worker_id":"ebeb9857-3443-42f3-b405-d292855907cd-140375451369472","trial_id":13,"param_name":"BellowHeight","param_value_internal":9.402850361832332,"distribution":"{\"name\": \"FloatDistribution\", \"attributes\": {\"step\": null, \"low\": 6.0, \"high\": 10.0, \"log\": false}}"}
{"op_code":5,"worker_id":"ebeb9857-3443-42f3-b405-d292855907cd-140375451369472","trial_id":13,"param_name":"WallThickness","param_value_internal":2.6080019879330765,"distribution":"{\"name\": \"FloatDistribution\", \"attributes\": {\"step\": null, \"low\": 2.0, \"high\": 4.0, \"log\": false}}"}
{"op_code":5,"worker_id":"ebeb9857-3443-42f3-b405-d292855907cd-140375451369472","trial_id":13,"param_name":"PlateauHeight","param_value_internal":3.090163790553773,"distribution":"{\"name\": \"FloatDistribution\", \"attributes\": {\"step\": null, \"low\": 2.0, \"high\": 4.0, \"log\": false}}"}
{"op_code":6,"worker_id":"f2530293-e623-4917-8c05-11e5ae2ad72e-139636657270784","trial_id":12,"state":1,"values":[-Infinity,-Infinity,-Infinity],"datetime_complete":"2026-05-28T19:46:48.741434"}
{"op_code":4,"worker_id":"f2530293-e623-4917-8c05-11e5ae2ad72e-139636657270784","study_id":0,"datetime_start":"2026-05-28T19:46:48.753575"}
{"op_code":9,"worker_id":"f2530293-e623-4917-8c05-11e5ae2ad72e-139636657270784","trial_id":14,"system_attr":{"nsga2:generation":0}}
{"op_code":5,"worker_id":"f2530293-e623-4917-8c05-11e5ae2ad72e-139636657270784","trial_id":14,"param_name":"JointSlopeAngle","param_value_internal":0.38245136634722093,"distribution":"{\"name\": \"FloatDistribution\", \"attributes\": {\"step\": null, \"low\": 0.17453292519943295, \"high\": 1.0471975511965976, \"log\": false}}"}
{"op_code":5,"worker_id":"f2530293-e623-4917-8c05-11e5ae2ad72e-139636657270784","trial_id":14,"param_name":"OuterRadius","param_value_internal":16.737093633458514,"distribution":"{\"name\": \"FloatDistribution\", \"attributes\": {\"step\": null, \"low\": 8.75, \"high\": 17.75, \"log\": false}}"}
{"op_code":5,"worker_id":"f2530293-e623-4917-8c05-11e5ae2ad72e-139636657270784","trial_id":14,"param_name":"JointHeight","param_value_internal":6.830550914519402,"distribution":"{\"name\": \"FloatDistribution\", \"attributes\": {\"step\": null, \"low\": 5.0, \"high\": 8.0, \"log\": false}}"}
{"op_code":5,"worker_id":"f2530293-e623-4917-8c05-11e5ae2ad72e-139636657270784","trial_id":14,"param_name":"CavityCorkThickness","param_value_internal":2.2466629191966034,"distribution":"{\"name\": \"FloatDistribution\", \"attributes\": {\"step\": null, \"low\": 2.0, \"high\": 5.0, \"log\": false}}"}
{"op_code":5,"worker_id":"f2530293-e623-4917-8c05-11e5ae2ad72e-139636657270784","trial_id":14,"param_name":"BellowHeight","param_value_internal":6.9313968835713204,"distribution":"{\"name\": \"FloatDistribution\", \"attributes\": {\"step\": null, \"low\": 6.0, \"high\": 10.0, \"log\": false}}"}
{"op_code":5,"worker_id":"f2530293-e623-4917-8c05-11e5ae2ad72e-139636657270784","trial_id":14,"param_name":"WallThickness","param_value_internal":2.5027700178270926,"distribution":"{\"name\": \"FloatDistribution\", \"attributes\": {\"step\": null, \"low\": 2.0, \"high\": 4.0, \"log\": false}}"}
{"op_code":5,"worker_id":"f2530293-e623-4917-8c05-11e5ae2ad72e-139636657270784","trial_id":14,"param_name":"PlateauHeight","param_value_internal":2.8094153493178244,"distribution":"{\"name\": \"FloatDistribution\", \"attributes\": {\"step\": null, \"low\": 2.0, \"high\": 4.0, \"log\": false}}"}
{"op_code":6,"worker_id":"ebeb9857-3443-42f3-b405-d292855907cd-140375451369472","trial_id":13,"state":1,"values":[-Infinity,-Infinity,-Infinity],"datetime_complete":"2026-05-28T19:47:16.334580"}
{"op_code":4,"worker_id":"ebeb9857-3443-42f3-b405-d292855907cd-140375451369472","study_id":0,"datetime_start":"2026-05-28T19:47:16.348503"}
{"op_code":9,"worker_id":"ebeb9857-3443-42f3-b405-d292855907cd-140375451369472","trial_id":15,"system_attr":{"nsga2:generation":0}}
{"op_code":5,"worker_id":"ebeb9857-3443-42f3-b405-d292855907cd-140375451369472","trial_id":15,"param_name":"JointSlopeAngle","param_value_internal":0.5714740457816537,"distribution":"{\"name\": \"FloatDistribution\", \"attributes\": {\"step\": null, \"low\": 0.17453292519943295, \"high\": 1.0471975511965976, \"log\": false}}"}
{"op_code":5,"worker_id":"ebeb9857-3443-42f3-b405-d292855907cd-140375451369472","trial_id":15,"param_name":"OuterRadius","param_value_internal":11.451078138908633,"distribution":"{\"name\": \"FloatDistribution\", \"attributes\": {\"step\": null, \"low\": 8.75, \"high\": 17.75, \"log\": false}}"}
{"op_code":5,"worker_id":"ebeb9857-3443-42f3-b405-d292855907cd-140375451369472","trial_id":15,"param_name":"JointHeight","param_value_internal":6.643391543520256,"distribution":"{\"name\": \"FloatDistribution\", \"attributes\": {\"step\": null, \"low\": 5.0, \"high\": 8.0, \"log\": false}}"}
{"op_code":5,"worker_id":"ebeb9857-3443-42f3-b405-d292855907cd-140375451369472","trial_id":15,"param_name":"CavityCorkThickness","param_value_internal":4.105934446651241,"distribution":"{\"name\": \"FloatDistribution\", \"attributes\": {\"step\": null, \"low\": 2.0, \"high\": 5.0, \"log\": false}}"}
{"op_code":5,"worker_id":"ebeb9857-3443-42f3-b405-d292855907cd-140375451369472","trial_id":15,"param_name":"BellowHeight","param_value_internal":6.391079758038341,"distribution":"{\"name\": \"FloatDistribution\", \"attributes\": {\"step\": null, \"low\": 6.0, \"high\": 10.0, \"log\": false}}"}
{"op_code":5,"worker_id":"ebeb9857-3443-42f3-b405-d292855907cd-140375451369472","trial_id":15,"param_name":"WallThickness","param_value_internal":3.4562990748661306,"distribution":"{\"name\": \"FloatDistribution\", \"attributes\": {\"step\": null, \"low\": 2.0, \"high\": 4.0, \"log\": false}}"}
{"op_code":5,"worker_id":"ebeb9857-3443-42f3-b405-d292855907cd-140375451369472","trial_id":15,"param_name":"PlateauHeight","param_value_internal":3.533218049713697,"distribution":"{\"name\": \"FloatDistribution\", \"attributes\": {\"step\": null, \"low\": 2.0, \"high\": 4.0, \"log\": false}}"}
{"op_code":6,"worker_id":"f2530293-e623-4917-8c05-11e5ae2ad72e-139636657270784","trial_id":14,"state":1,"values":[-Infinity,-Infinity,-Infinity],"datetime_complete":"2026-05-28T19:47:23.186355"}
{"op_code":4,"worker_id":"f2530293-e623-4917-8c05-11e5ae2ad72e-139636657270784","study_id":0,"datetime_start":"2026-05-28T19:47:23.197634"}
{"op_code":9,"worker_id":"f2530293-e623-4917-8c05-11e5ae2ad72e-139636657270784","trial_id":16,"system_attr":{"nsga2:generation":0}}
{"op_code":5,"worker_id":"f2530293-e623-4917-8c05-11e5ae2ad72e-139636657270784","trial_id":16,"param_name":"JointSlopeAngle","param_value_internal":0.9463463244034586,"distribution":"{\"name\": \"FloatDistribution\", \"attributes\": {\"step\": null, \"low\": 0.17453292519943295, \"high\": 1.0471975511965976, \"log\": false}}"}
{"op_code":5,"worker_id":"f2530293-e623-4917-8c05-11e5ae2ad72e-139636657270784","trial_id":16,"param_name":"OuterRadius","param_value_internal":10.045086555876388,"distribution":"{\"name\": \"FloatDistribution\", \"attributes\": {\"step\": null, \"low\": 8.75, \"high\": 17.75, \"log\": false}}"}
{"op_code":5,"worker_id":"f2530293-e623-4917-8c05-11e5ae2ad72e-139636657270784","trial_id":16,"param_name":"JointHeight","param_value_internal":7.678519965991656,"distribution":"{\"name\": \"FloatDistribution\", \"attributes\": {\"step\": null, \"low\": 5.0, \"high\": 8.0, \"log\": false}}"}
{"op_code":5,"worker_id":"f2530293-e623-4917-8c05-11e5ae2ad72e-139636657270784","trial_id":16,"param_name":"CavityCorkThickness","param_value_internal":4.774328044397289,"distribution":"{\"name\": \"FloatDistribution\", \"attributes\": {\"step\": null, \"low\": 2.0, \"high\": 5.0, \"log\": false}}"}
{"op_code":5,"worker_id":"f2530293-e623-4917-8c05-11e5ae2ad72e-139636657270784","trial_id":16,"param_name":"BellowHeight","param_value_internal":9.936669217663725,"distribution":"{\"name\": \"FloatDistribution\", \"attributes\": {\"step\": null, \"low\": 6.0, \"high\": 10.0, \"log\": false}}"}
{"op_code":5,"worker_id":"f2530293-e623-4917-8c05-11e5ae2ad72e-139636657270784","trial_id":16,"param_name":"WallThickness","param_value_internal":2.883021735970016,"distribution":"{\"name\": \"FloatDistribution\", \"attributes\": {\"step\": null, \"low\": 2.0, \"high\": 4.0, \"log\": false}}"}
{"op_code":5,"worker_id":"f2530293-e623-4917-8c05-11e5ae2ad72e-139636657270784","trial_id":16,"param_name":"PlateauHeight","param_value_internal":3.391706963871449,"distribution":"{\"name\": \"FloatDistribution\", \"attributes\": {\"step\": null, \"low\": 2.0, \"high\": 4.0, \"log\": false}}"}
{"op_code":6,"worker_id":"ebeb9857-3443-42f3-b405-d292855907cd-140375451369472","trial_id":15,"state":1,"values":[-Infinity,-Infinity,-Infinity],"datetime_complete":"2026-05-28T19:47:55.645846"}
{"op_code":4,"worker_id":"ebeb9857-3443-42f3-b405-d292855907cd-140375451369472","study_id":0,"datetime_start":"2026-05-28T19:47:55.660652"}
{"op_code":9,"worker_id":"ebeb9857-3443-42f3-b405-d292855907cd-140375451369472","trial_id":17,"system_attr":{"nsga2:generation":0}}
{"op_code":5,"worker_id":"ebeb9857-3443-42f3-b405-d292855907cd-140375451369472","trial_id":17,"param_name":"JointSlopeAngle","param_value_internal":0.5362656158729833,"distribution":"{\"name\": \"FloatDistribution\", \"attributes\": {\"step\": null, \"low\": 0.17453292519943295, \"high\": 1.0471975511965976, \"log\": false}}"}
{"op_code":5,"worker_id":"ebeb9857-3443-42f3-b405-d292855907cd-140375451369472","trial_id":17,"param_name":"OuterRadius","param_value_internal":17.72996576745355,"distribution":"{\"name\": \"FloatDistribution\", \"attributes\": {\"step\": null, \"low\": 8.75, \"high\": 17.75, \"log\": false}}"}
{"op_code":5,"worker_id":"ebeb9857-3443-42f3-b405-d292855907cd-140375451369472","trial_id":17,"param_name":"JointHeight","param_value_internal":5.153126977626821,"distribution":"{\"name\": \"FloatDistribution\", \"attributes\": {\"step\": null, \"low\": 5.0, \"high\": 8.0, \"log\": false}}"}
{"op_code":5,"worker_id":"ebeb9857-3443-42f3-b405-d292855907cd-140375451369472","trial_id":17,"param_name":"CavityCorkThickness","param_value_internal":2.806978927318869,"distribution":"{\"name\": \"FloatDistribution\", \"attributes\": {\"step\": null, \"low\": 2.0, \"high\": 5.0, \"log\": false}}"}
{"op_code":5,"worker_id":"ebeb9857-3443-42f3-b405-d292855907cd-140375451369472","trial_id":17,"param_name":"BellowHeight","param_value_internal":8.668546235093022,"distribution":"{\"name\": \"FloatDistribution\", \"attributes\": {\"step\": null, \"low\": 6.0, \"high\": 10.0, \"log\": false}}"}
{"op_code":5,"worker_id":"ebeb9857-3443-42f3-b405-d292855907cd-140375451369472","trial_id":17,"param_name":"WallThickness","param_value_internal":3.006361864033827,"distribution":"{\"name\": \"FloatDistribution\", \"attributes\": {\"step\": null, \"low\": 2.0, \"high\": 4.0, \"log\": false}}"}
{"op_code":5,"worker_id":"ebeb9857-3443-42f3-b405-d292855907cd-140375451369472","trial_id":17,"param_name":"PlateauHeight","param_value_internal":2.5130073682862832,"distribution":"{\"name\": \"FloatDistribution\", \"attributes\": {\"step\": null, \"low\": 2.0, \"high\": 4.0, \"log\": false}}"}
{"op_code":6,"worker_id":"f2530293-e623-4917-8c05-11e5ae2ad72e-139636657270784","trial_id":16,"state":1,"values":[-Infinity,-Infinity,-Infinity],"datetime_complete":"2026-05-28T19:47:56.702619"}
{"op_code":4,"worker_id":"f2530293-e623-4917-8c05-11e5ae2ad72e-139636657270784","study_id":0,"datetime_start":"2026-05-28T19:47:56.712568"}
{"op_code":9,"worker_id":"f2530293-e623-4917-8c05-11e5ae2ad72e-139636657270784","trial_id":18,"system_attr":{"nsga2:generation":0}}
{"op_code":5,"worker_id":"f2530293-e623-4917-8c05-11e5ae2ad72e-139636657270784","trial_id":18,"param_name":"JointSlopeAngle","param_value_internal":0.3307563179279212,"distribution":"{\"name\": \"FloatDistribution\", \"attributes\": {\"step\": null, \"low\": 0.17453292519943295, \"high\": 1.0471975511965976, \"log\": false}}"}
{"op_code":5,"worker_id":"f2530293-e623-4917-8c05-11e5ae2ad72e-139636657270784","trial_id":18,"param_name":"OuterRadius","param_value_internal":10.388497045326996,"distribution":"{\"name\": \"FloatDistribution\", \"attributes\": {\"step\": null, \"low\": 8.75, \"high\": 17.75, \"log\": false}}"}
{"op_code":5,"worker_id":"f2530293-e623-4917-8c05-11e5ae2ad72e-139636657270784","trial_id":18,"param_name":"JointHeight","param_value_internal":7.7074311779328255,"distribution":"{\"name\": \"FloatDistribution\", \"attributes\": {\"step\": null, \"low\": 5.0, \"high\": 8.0, \"log\": false}}"}
{"op_code":5,"worker_id":"f2530293-e623-4917-8c05-11e5ae2ad72e-139636657270784","trial_id":18,"param_name":"CavityCorkThickness","param_value_internal":2.556310368935029,"distribution":"{\"name\": \"FloatDistribution\", \"attributes\": {\"step\": null, \"low\": 2.0, \"high\": 5.0, \"log\": false}}"}
{"op_code":5,"worker_id":"f2530293-e623-4917-8c05-11e5ae2ad72e-139636657270784","trial_id":18,"param_name":"BellowHeight","param_value_internal":8.095119284674094,"distribution":"{\"name\": \"FloatDistribution\", \"attributes\": {\"step\": null, \"low\": 6.0, \"high\": 10.0, \"log\": false}}"}
{"op_code":5,"worker_id":"f2530293-e623-4917-8c05-11e5ae2ad72e-139636657270784","trial_id":18,"param_name":"WallThickness","param_value_internal":2.9828067965180973,"distribution":"{\"name\": \"FloatDistribution\", \"attributes\": {\"step\": null, \"low\": 2.0, \"high\": 4.0, \"log\": false}}"}
{"op_code":5,"worker_id":"f2530293-e623-4917-8c05-11e5ae2ad72e-139636657270784","trial_id":18,"param_name":"PlateauHeight","param_value_internal":2.133694680838551,"distribution":"{\"name\": \"FloatDistribution\", \"attributes\": {\"step\": null, \"low\": 2.0, \"high\": 4.0, \"log\": false}}"}
{"op_code":6,"worker_id":"f2530293-e623-4917-8c05-11e5ae2ad72e-139636657270784","trial_id":18,"state":1,"values":[-Infinity,-Infinity,-Infinity],"datetime_complete":"2026-05-28T19:48:29.934882"}
{"op_code":4,"worker_id":"f2530293-e623-4917-8c05-11e5ae2ad72e-139636657270784","study_id":0,"datetime_start":"2026-05-28T19:48:29.946538"}
{"op_code":9,"worker_id":"f2530293-e623-4917-8c05-11e5ae2ad72e-139636657270784","trial_id":19,"system_attr":{"nsga2:generation":0}}
{"op_code":5,"worker_id":"f2530293-e623-4917-8c05-11e5ae2ad72e-139636657270784","trial_id":19,"param_name":"JointSlopeAngle","param_value_internal":0.46398686486728113,"distribution":"{\"name\": \"FloatDistribution\", \"attributes\": {\"step\": null, \"low\": 0.17453292519943295, \"high\": 1.0471975511965976, \"log\": false}}"}
{"op_code":5,"worker_id":"f2530293-e623-4917-8c05-11e5ae2ad72e-139636657270784","trial_id":19,"param_name":"OuterRadius","param_value_internal":16.942021294311274,"distribution":"{\"name\": \"FloatDistribution\", \"attributes\": {\"step\": null, \"low\": 8.75, \"high\": 17.75, \"log\": false}}"}
{"op_code":5,"worker_id":"f2530293-e623-4917-8c05-11e5ae2ad72e-139636657270784","trial_id":19,"param_name":"JointHeight","param_value_internal":7.025403662188451,"distribution":"{\"name\": \"FloatDistribution\", \"attributes\": {\"step\": null, \"low\": 5.0, \"high\": 8.0, \"log\": false}}"}
{"op_code":5,"worker_id":"f2530293-e623-4917-8c05-11e5ae2ad72e-139636657270784","trial_id":19,"param_name":"CavityCorkThickness","param_value_internal":3.0422115079794905,"distribution":"{\"name\": \"FloatDistribution\", \"attributes\": {\"step\": null, \"low\": 2.0, \"high\": 5.0, \"log\": false}}"}
{"op_code":5,"worker_id":"f2530293-e623-4917-8c05-11e5ae2ad72e-139636657270784","trial_id":19,"param_name":"BellowHeight","param_value_internal":6.5663760498041945,"distribution":"{\"name\": \"FloatDistribution\", \"attributes\": {\"step\": null, \"low\": 6.0, \"high\": 10.0, \"log\": false}}"}
{"op_code":5,"worker_id":"f2530293-e623-4917-8c05-11e5ae2ad72e-139636657270784","trial_id":19,"param_name":"WallThickness","param_value_internal":3.4407591722292525,"distribution":"{\"name\": \"FloatDistribution\", \"attributes\": {\"step\": null, \"low\": 2.0, \"high\": 4.0, \"log\": false}}"}
{"op_code":5,"worker_id":"f2530293-e623-4917-8c05-11e5ae2ad72e-139636657270784","trial_id":19,"param_name":"PlateauHeight","param_value_internal":2.2846618579022886,"distribution":"{\"name\": \"FloatDistribution\", \"attributes\": {\"step\": null, \"low\": 2.0, \"high\": 4.0, \"log\": false}}"}
{"op_code":6,"worker_id":"ebeb9857-3443-42f3-b405-d292855907cd-140375451369472","trial_id":17,"state":1,"values":[-Infinity,-Infinity,-Infinity],"datetime_complete":"2026-05-28T19:48:38.216500"}
{"op_code":4,"worker_id":"ebeb9857-3443-42f3-b405-d292855907cd-140375451369472","study_id":0,"datetime_start":"2026-05-28T19:48:38.231624"}
{"op_code":9,"worker_id":"ebeb9857-3443-42f3-b405-d292855907cd-140375451369472","trial_id":20,"system_attr":{"nsga2:generation":0}}
{"op_code":5,"worker_id":"ebeb9857-3443-42f3-b405-d292855907cd-140375451369472","trial_id":20,"param_name":"JointSlopeAngle","param_value_internal":0.3501336649343887,"distribution":"{\"name\": \"FloatDistribution\", \"attributes\": {\"step\": null, \"low\": 0.17453292519943295, \"high\": 1.0471975511965976, \"log\": false}}"}
{"op_code":5,"worker_id":"ebeb9857-3443-42f3-b405-d292855907cd-140375451369472","trial_id":20,"param_name":"OuterRadius","param_value_internal":15.07724113218728,"distribution":"{\"name\": \"FloatDistribution\", \"attributes\": {\"step\": null, \"low\": 8.75, \"high\": 17.75, \"log\": false}}"}
{"op_code":5,"worker_id":"ebeb9857-3443-42f3-b405-d292855907cd-140375451369472","trial_id":20,"param_name":"JointHeight","param_value_internal":7.088674654388231,"distribution":"{\"name\": \"FloatDistribution\", \"attributes\": {\"step\": null, \"low\": 5.0, \"high\": 8.0, \"log\": false}}"}
{"op_code":5,"worker_id":"ebeb9857-3443-42f3-b405-d292855907cd-140375451369472","trial_id":20,"param_name":"CavityCorkThickness","param_value_internal":2.060054463386445,"distribution":"{\"name\": \"FloatDistribution\", \"attributes\": {\"step\": null, \"low\": 2.0, \"high\": 5.0, \"log\": false}}"}
{"op_code":5,"worker_id":"ebeb9857-3443-42f3-b405-d292855907cd-140375451369472","trial_id":20,"param_name":"BellowHeight","param_value_internal":8.701322989873846,"distribution":"{\"name\": \"FloatDistribution\", \"attributes\": {\"step\": null, \"low\": 6.0, \"high\": 10.0, \"log\": false}}"}
{"op_code":5,"worker_id":"ebeb9857-3443-42f3-b405-d292855907cd-140375451369472","trial_id":20,"param_name":"WallThickness","param_value_internal":3.718980152035568,"distribution":"{\"name\": \"FloatDistribution\", \"attributes\": {\"step\": null, \"low\": 2.0, \"high\": 4.0, \"log\": false}}"}
{"op_code":5,"worker_id":"ebeb9857-3443-42f3-b405-d292855907cd-140375451369472","trial_id":20,"param_name":"PlateauHeight","param_value_internal":3.00639542949832,"distribution":"{\"name\": \"FloatDistribution\", \"attributes\": {\"step\": null, \"low\": 2.0, \"high\": 4.0, \"log\": false}}"}
{"op_code":6,"worker_id":"f2530293-e623-4917-8c05-11e5ae2ad72e-139636657270784","trial_id":19,"state":1,"values":[-Infinity,-Infinity,-Infinity],"datetime_complete":"2026-05-28T19:49:03.596873"}
{"op_code":4,"worker_id":"f2530293-e623-4917-8c05-11e5ae2ad72e-139636657270784","study_id":0,"datetime_start":"2026-05-28T19:49:03.607544"}
{"op_code":9,"worker_id":"f2530293-e623-4917-8c05-11e5ae2ad72e-139636657270784","trial_id":21,"system_attr":{"nsga2:generation":0}}
{"op_code":5,"worker_id":"f2530293-e623-4917-8c05-11e5ae2ad72e-139636657270784","trial_id":21,"param_name":"JointSlopeAngle","param_value_internal":0.7732376717481216,"distribution":"{\"name\": \"FloatDistribution\", \"attributes\": {\"step\": null, \"low\": 0.17453292519943295, \"high\": 1.0471975511965976, \"log\": false}}"}
{"op_code":5,"worker_id":"f2530293-e623-4917-8c05-11e5ae2ad72e-139636657270784","trial_id":21,"param_name":"OuterRadius","param_value_internal":11.741815075409862,"distribution":"{\"name\": \"FloatDistribution\", \"attributes\": {\"step\": null, \"low\": 8.75, \"high\": 17.75, \"log\": false}}"}
{"op_code":5,"worker_id":"f2530293-e623-4917-8c05-11e5ae2ad72e-139636657270784","trial_id":21,"param_name":"JointHeight","param_value_internal":6.599875188584708,"distribution":"{\"name\": \"FloatDistribution\", \"attributes\": {\"step\": null, \"low\": 5.0, \"high\": 8.0, \"log\": false}}"}
{"op_code":5,"worker_id":"f2530293-e623-4917-8c05-11e5ae2ad72e-139636657270784","trial_id":21,"param_name":"CavityCorkThickness","param_value_internal":3.178223144546814,"distribution":"{\"name\": \"FloatDistribution\", \"attributes\": {\"step\": null, \"low\": 2.0, \"high\": 5.0, \"log\": false}}"}
{"op_code":5,"worker_id":"f2530293-e623-4917-8c05-11e5ae2ad72e-139636657270784","trial_id":21,"param_name":"BellowHeight","param_value_internal":8.834232016043789,"distribution":"{\"name\": \"FloatDistribution\", \"attributes\": {\"step\": null, \"low\": 6.0, \"high\": 10.0, \"log\": false}}"}
{"op_code":5,"worker_id":"f2530293-e623-4917-8c05-11e5ae2ad72e-139636657270784","trial_id":21,"param_name":"WallThickness","param_value_internal":2.836190537087613,"distribution":"{\"name\": \"FloatDistribution\", \"attributes\": {\"step\": null, \"low\": 2.0, \"high\": 4.0, \"log\": false}}"}
{"op_code":5,"worker_id":"f2530293-e623-4917-8c05-11e5ae2ad72e-139636657270784","trial_id":21,"param_name":"PlateauHeight","param_value_internal":3.3060198190586942,"distribution":"{\"name\": \"FloatDistribution\", \"attributes\": {\"step\": null, \"low\": 2.0, \"high\": 4.0, \"log\": false}}"}
{"op_code":6,"worker_id":"ebeb9857-3443-42f3-b405-d292855907cd-140375451369472","trial_id":20,"state":1,"values":[-Infinity,-Infinity,-Infinity],"datetime_complete":"2026-05-28T19:49:19.446940"}
{"op_code":4,"worker_id":"ebeb9857-3443-42f3-b405-d292855907cd-140375451369472","study_id":0,"datetime_start":"2026-05-28T19:49:19.462064"}
{"op_code":9,"worker_id":"ebeb9857-3443-42f3-b405-d292855907cd-140375451369472","trial_id":22,"system_attr":{"nsga2:generation":0}}
{"op_code":5,"worker_id":"ebeb9857-3443-42f3-b405-d292855907cd-140375451369472","trial_id":22,"param_name":"JointSlopeAngle","param_value_internal":0.3905817618201367,"distribution":"{\"name\": \"FloatDistribution\", \"attributes\": {\"step\": null, \"low\": 0.17453292519943295, \"high\": 1.0471975511965976, \"log\": false}}"}
{"op_code":5,"worker_id":"ebeb9857-3443-42f3-b405-d292855907cd-140375451369472","trial_id":22,"param_name":"OuterRadius","param_value_internal":12.83787162079306,"distribution":"{\"name\": \"FloatDistribution\", \"attributes\": {\"step\": null, \"low\": 8.75, \"high\": 17.75, \"log\": false}}"}
{"op_code":5,"worker_id":"ebeb9857-3443-42f3-b405-d292855907cd-140375451369472","trial_id":22,"param_name":"JointHeight","param_value_internal":5.793835038598509,"distribution":"{\"name\": \"FloatDistribution\", \"attributes\": {\"step\": null, \"low\": 5.0, \"high\": 8.0, \"log\": false}}"}
{"op_code":5,"worker_id":"ebeb9857-3443-42f3-b405-d292855907cd-140375451369472","trial_id":22,"param_name":"CavityCorkThickness","param_value_internal":2.6454972165904374,"distribution":"{\"name\": \"FloatDistribution\", \"attributes\": {\"step\": null, \"low\": 2.0, \"high\": 5.0, \"log\": false}}"}
{"op_code":5,"worker_id":"ebeb9857-3443-42f3-b405-d292855907cd-140375451369472","trial_id":22,"param_name":"BellowHeight","param_value_internal":9.925741708436412,"distribution":"{\"name\": \"FloatDistribution\", \"attributes\": {\"step\": null, \"low\": 6.0, \"high\": 10.0, \"log\": false}}"}
{"op_code":5,"worker_id":"ebeb9857-3443-42f3-b405-d292855907cd-140375451369472","trial_id":22,"param_name":"WallThickness","param_value_internal":3.5201717277664506,"distribution":"{\"name\": \"FloatDistribution\", \"attributes\": {\"step\": null, \"low\": 2.0, \"high\": 4.0, \"log\": false}}"}
{"op_code":5,"worker_id":"ebeb9857-3443-42f3-b405-d292855907cd-140375451369472","trial_id":22,"param_name":"PlateauHeight","param_value_internal":3.9367085072197874,"distribution":"{\"name\": \"FloatDistribution\", \"attributes\": {\"step\": null, \"low\": 2.0, \"high\": 4.0, \"log\": false}}"}
{"op_code":6,"worker_id":"f2530293-e623-4917-8c05-11e5ae2ad72e-139636657270784","trial_id":21,"state":1,"values":[-Infinity,-Infinity,-Infinity],"datetime_complete":"2026-05-28T19:49:36.459464"}
{"op_code":4,"worker_id":"f2530293-e623-4917-8c05-11e5ae2ad72e-139636657270784","study_id":0,"datetime_start":"2026-05-28T19:49:36.470900"}
{"op_code":9,"worker_id":"f2530293-e623-4917-8c05-11e5ae2ad72e-139636657270784","trial_id":23,"system_attr":{"nsga2:generation":0}}
{"op_code":5,"worker_id":"f2530293-e623-4917-8c05-11e5ae2ad72e-139636657270784","trial_id":23,"param_name":"JointSlopeAngle","param_value_internal":0.8345736718753091,"distribution":"{\"name\": \"FloatDistribution\", \"attributes\": {\"step\": null, \"low\": 0.17453292519943295, \"high\": 1.0471975511965976, \"log\": false}}"}
{"op_code":5,"worker_id":"f2530293-e623-4917-8c05-11e5ae2ad72e-139636657270784","trial_id":23,"param_name":"OuterRadius","param_value_internal":12.170074601281264,"distribution":"{\"name\": \"FloatDistribution\", \"attributes\": {\"step\": null, \"low\": 8.75, \"high\": 17.75, \"log\": false}}"}
{"op_code":5,"worker_id":"f2530293-e623-4917-8c05-11e5ae2ad72e-139636657270784","trial_id":23,"param_name":"JointHeight","param_value_internal":7.68843961008746,"distribution":"{\"name\": \"FloatDistribution\", \"attributes\": {\"step\": null, \"low\": 5.0, \"high\": 8.0, \"log\": false}}"}
{"op_code":5,"worker_id":"f2530293-e623-4917-8c05-11e5ae2ad72e-139636657270784","trial_id":23,"param_name":"CavityCorkThickness","param_value_internal":4.542060407522492,"distribution":"{\"name\": \"FloatDistribution\", \"attributes\": {\"step\": null, \"low\": 2.0, \"high\": 5.0, \"log\": false}}"}
{"op_code":5,"worker_id":"f2530293-e623-4917-8c05-11e5ae2ad72e-139636657270784","trial_id":23,"param_name":"BellowHeight","param_value_internal":8.62523259689578,"distribution":"{\"name\": \"FloatDistribution\", \"attributes\": {\"step\": null, \"low\": 6.0, \"high\": 10.0, \"log\": false}}"}
{"op_code":5,"worker_id":"f2530293-e623-4917-8c05-11e5ae2ad72e-139636657270784","trial_id":23,"param_name":"WallThickness","param_value_internal":2.4675432966983615,"distribution":"{\"name\": \"FloatDistribution\", \"attributes\": {\"step\": null, \"low\": 2.0, \"high\": 4.0, \"log\": false}}"}
{"op_code":5,"worker_id":"f2530293-e623-4917-8c05-11e5ae2ad72e-139636657270784","trial_id":23,"param_name":"PlateauHeight","param_value_internal":2.2034056982364003,"distribution":"{\"name\": \"FloatDistribution\", \"attributes\": {\"step\": null, \"low\": 2.0, \"high\": 4.0, \"log\": false}}"}
{"op_code":6,"worker_id":"ebeb9857-3443-42f3-b405-d292855907cd-140375451369472","trial_id":22,"state":1,"values":[-Infinity,-Infinity,-Infinity],"datetime_complete":"2026-05-28T19:50:00.276788"}
{"op_code":4,"worker_id":"ebeb9857-3443-42f3-b405-d292855907cd-140375451369472","study_id":0,"datetime_start":"2026-05-28T19:50:00.292630"}
{"op_code":9,"worker_id":"ebeb9857-3443-42f3-b405-d292855907cd-140375451369472","trial_id":24,"system_attr":{"nsga2:generation":0}}
{"op_code":5,"worker_id":"ebeb9857-3443-42f3-b405-d292855907cd-140375451369472","trial_id":24,"param_name":"JointSlopeAngle","param_value_internal":0.6955635347835666,"distribution":"{\"name\": \"FloatDistribution\", \"attributes\": {\"step\": null, \"low\": 0.17453292519943295, \"high\": 1.0471975511965976, \"log\": false}}"}
{"op_code":5,"worker_id":"ebeb9857-3443-42f3-b405-d292855907cd-140375451369472","trial_id":24,"param_name":"OuterRadius","param_value_internal":11.447290326638369,"distribution":"{\"name\": \"FloatDistribution\", \"attributes\": {\"step\": null, \"low\": 8.75, \"high\": 17.75, \"log\": false}}"}
{"op_code":5,"worker_id":"ebeb9857-3443-42f3-b405-d292855907cd-140375451369472","trial_id":24,"param_name":"JointHeight","param_value_internal":5.041973098542481,"distribution":"{\"name\": \"FloatDistribution\", \"attributes\": {\"step\": null, \"low\": 5.0, \"high\": 8.0, \"log\": false}}"}
{"op_code":5,"worker_id":"ebeb9857-3443-42f3-b405-d292855907cd-140375451369472","trial_id":24,"param_name":"CavityCorkThickness","param_value_internal":2.948641405990928,"distribution":"{\"name\": \"FloatDistribution\", \"attributes\": {\"step\": null, \"low\": 2.0, \"high\": 5.0, \"log\": false}}"}
{"op_code":5,"worker_id":"ebeb9857-3443-42f3-b405-d292855907cd-140375451369472","trial_id":24,"param_name":"BellowHeight","param_value_internal":6.807698508038607,"distribution":"{\"name\": \"FloatDistribution\", \"attributes\": {\"step\": null, \"low\": 6.0, \"high\": 10.0, \"log\": false}}"}
{"op_code":5,"worker_id":"ebeb9857-3443-42f3-b405-d292855907cd-140375451369472","trial_id":24,"param_name":"WallThickness","param_value_internal":3.7423839730087893,"distribution":"{\"name\": \"FloatDistribution\", \"attributes\": {\"step\": null, \"low\": 2.0, \"high\": 4.0, \"log\": false}}"}
{"op_code":5,"worker_id":"ebeb9857-3443-42f3-b405-d292855907cd-140375451369472","trial_id":24,"param_name":"PlateauHeight","param_value_internal":3.0515653633622604,"distribution":"{\"name\": \"FloatDistribution\", \"attributes\": {\"step\": null, \"low\": 2.0, \"high\": 4.0, \"log\": false}}"}
{"op_code":6,"worker_id":"f2530293-e623-4917-8c05-11e5ae2ad72e-139636657270784","trial_id":23,"state":1,"values":[-Infinity,-Infinity,-Infinity],"datetime_complete":"2026-05-28T19:50:09.583259"}
{"op_code":4,"worker_id":"f2530293-e623-4917-8c05-11e5ae2ad72e-139636657270784","study_id":0,"datetime_start":"2026-05-28T19:50:09.596210"}
{"op_code":9,"worker_id":"f2530293-e623-4917-8c05-11e5ae2ad72e-139636657270784","trial_id":25,"system_attr":{"nsga2:generation":0}}
{"op_code":5,"worker_id":"f2530293-e623-4917-8c05-11e5ae2ad72e-139636657270784","trial_id":25,"param_name":"JointSlopeAngle","param_value_internal":0.9658371429695454,"distribution":"{\"name\": \"FloatDistribution\", \"attributes\": {\"step\": null, \"low\": 0.17453292519943295, \"high\": 1.0471975511965976, \"log\": false}}"}
{"op_code":5,"worker_id":"f2530293-e623-4917-8c05-11e5ae2ad72e-139636657270784","trial_id":25,"param_name":"OuterRadius","param_value_internal":14.842365978703913,"distribution":"{\"name\": \"FloatDistribution\", \"attributes\": {\"step\": null, \"low\": 8.75, \"high\": 17.75, \"log\": false}}"}
{"op_code":5,"worker_id":"f2530293-e623-4917-8c05-11e5ae2ad72e-139636657270784","trial_id":25,"param_name":"JointHeight","param_value_internal":6.6629164327667185,"distribution":"{\"name\": \"FloatDistribution\", \"attributes\": {\"step\": null, \"low\": 5.0, \"high\": 8.0, \"log\": false}}"}
{"op_code":5,"worker_id":"f2530293-e623-4917-8c05-11e5ae2ad72e-139636657270784","trial_id":25,"param_name":"CavityCorkThickness","param_value_internal":3.7416779526515622,"distribution":"{\"name\": \"FloatDistribution\", \"attributes\": {\"step\": null, \"low\": 2.0, \"high\": 5.0, \"log\": false}}"}
{"op_code":5,"worker_id":"f2530293-e623-4917-8c05-11e5ae2ad72e-139636657270784","trial_id":25,"param_name":"BellowHeight","param_value_internal":7.055928556136823,"distribution":"{\"name\": \"FloatDistribution\", \"attributes\": {\"step\": null, \"low\": 6.0, \"high\": 10.0, \"log\": false}}"}
{"op_code":5,"worker_id":"f2530293-e623-4917-8c05-11e5ae2ad72e-139636657270784","trial_id":25,"param_name":"WallThickness","param_value_internal":3.188135123113693,"distribution":"{\"name\": \"FloatDistribution\", \"attributes\": {\"step\": null, \"low\": 2.0, \"high\": 4.0, \"log\": false}}"}
{"op_code":5,"worker_id":"f2530293-e623-4917-8c05-11e5ae2ad72e-139636657270784","trial_id":25,"param_name":"PlateauHeight","param_value_internal":3.3089080652372322,"distribution":"{\"name\": \"FloatDistribution\", \"attributes\": {\"step\": null, \"low\": 2.0, \"high\": 4.0, \"log\": false}}"}
{"op_code":6,"worker_id":"ebeb9857-3443-42f3-b405-d292855907cd-140375451369472","trial_id":24,"state":1,"values":[-Infinity,-Infinity,-Infinity],"datetime_complete":"2026-05-28T19:50:41.151931"}
{"op_code":4,"worker_id":"ebeb9857-3443-42f3-b405-d292855907cd-140375451369472","study_id":0,"datetime_start":"2026-05-28T19:50:41.167612"}
{"op_code":9,"worker_id":"ebeb9857-3443-42f3-b405-d292855907cd-140375451369472","trial_id":26,"system_attr":{"nsga2:generation":0}}
{"op_code":5,"worker_id":"ebeb9857-3443-42f3-b405-d292855907cd-140375451369472","trial_id":26,"param_name":"JointSlopeAngle","param_value_internal":0.3590578118148846,"distribution":"{\"name\": \"FloatDistribution\", \"attributes\": {\"step\": null, \"low\": 0.17453292519943295, \"high\": 1.0471975511965976, \"log\": false}}"}
{"op_code":5,"worker_id":"ebeb9857-3443-42f3-b405-d292855907cd-140375451369472","trial_id":26,"param_name":"OuterRadius","param_value_internal":13.516720281443567,"distribution":"{\"name\": \"FloatDistribution\", \"attributes\": {\"step\": null, \"low\": 8.75, \"high\": 17.75, \"log\": false}}"}
{"op_code":5,"worker_id":"ebeb9857-3443-42f3-b405-d292855907cd-140375451369472","trial_id":26,"param_name":"JointHeight","param_value_internal":6.645179766495529,"distribution":"{\"name\": \"FloatDistribution\", \"attributes\": {\"step\": null, \"low\": 5.0, \"high\": 8.0, \"log\": false}}"}
{"op_code":5,"worker_id":"ebeb9857-3443-42f3-b405-d292855907cd-140375451369472","trial_id":26,"param_name":"CavityCorkThickness","param_value_internal":2.460646782313054,"distribution":"{\"name\": \"FloatDistribution\", \"attributes\": {\"step\": null, \"low\": 2.0, \"high\": 5.0, \"log\": false}}"}
{"op_code":5,"worker_id":"ebeb9857-3443-42f3-b405-d292855907cd-140375451369472","trial_id":26,"param_name":"BellowHeight","param_value_internal":7.681368782248156,"distribution":"{\"name\": \"FloatDistribution\", \"attributes\": {\"step\": null, \"low\": 6.0, \"high\": 10.0, \"log\": false}}"}
{"op_code":5,"worker_id":"ebeb9857-3443-42f3-b405-d292855907cd-140375451369472","trial_id":26,"param_name":"WallThickness","param_value_internal":2.3414201997951762,"distribution":"{\"name\": \"FloatDistribution\", \"attributes\": {\"step\": null, \"low\": 2.0, \"high\": 4.0, \"log\": false}}"}
{"op_code":5,"worker_id":"ebeb9857-3443-42f3-b405-d292855907cd-140375451369472","trial_id":26,"param_name":"PlateauHeight","param_value_internal":3.9664454519543417,"distribution":"{\"name\": \"FloatDistribution\", \"attributes\": {\"step\": null, \"low\": 2.0, \"high\": 4.0, \"log\": false}}"}
{"op_code":6,"worker_id":"f2530293-e623-4917-8c05-11e5ae2ad72e-139636657270784","trial_id":25,"state":1,"values":[-Infinity,-Infinity,-Infinity],"datetime_complete":"2026-05-28T19:50:42.700077"}
{"op_code":4,"worker_id":"f2530293-e623-4917-8c05-11e5ae2ad72e-139636657270784","study_id":0,"datetime_start":"2026-05-28T19:50:42.711677"}
{"op_code":9,"worker_id":"f2530293-e623-4917-8c05-11e5ae2ad72e-139636657270784","trial_id":27,"system_attr":{"nsga2:generation":0}}
{"op_code":5,"worker_id":"f2530293-e623-4917-8c05-11e5ae2ad72e-139636657270784","trial_id":27,"param_name":"JointSlopeAngle","param_value_internal":0.9765682980512361,"distribution":"{\"name\": \"FloatDistribution\", \"attributes\": {\"step\": null, \"low\": 0.17453292519943295, \"high\": 1.0471975511965976, \"log\": false}}"}
{"op_code":5,"worker_id":"f2530293-e623-4917-8c05-11e5ae2ad72e-139636657270784","trial_id":27,"param_name":"OuterRadius","param_value_internal":9.421979611021722,"distribution":"{\"name\": \"FloatDistribution\", \"attributes\": {\"step\": null, \"low\": 8.75, \"high\": 17.75, \"log\": false}}"}
{"op_code":5,"worker_id":"f2530293-e623-4917-8c05-11e5ae2ad72e-139636657270784","trial_id":27,"param_name":"JointHeight","param_value_internal":6.848946554704339,"distribution":"{\"name\": \"FloatDistribution\", \"attributes\": {\"step\": null, \"low\": 5.0, \"high\": 8.0, \"log\": false}}"}
{"op_code":5,"worker_id":"f2530293-e623-4917-8c05-11e5ae2ad72e-139636657270784","trial_id":27,"param_name":"CavityCorkThickness","param_value_internal":2.7471434790828013,"distribution":"{\"name\": \"FloatDistribution\", \"attributes\": {\"step\": null, \"low\": 2.0, \"high\": 5.0, \"log\": false}}"}
{"op_code":5,"worker_id":"f2530293-e623-4917-8c05-11e5ae2ad72e-139636657270784","trial_id":27,"param_name":"BellowHeight","param_value_internal":6.963052764433833,"distribution":"{\"name\": \"FloatDistribution\", \"attributes\": {\"step\": null, \"low\": 6.0, \"high\": 10.0, \"log\": false}}"}
{"op_code":5,"worker_id":"f2530293-e623-4917-8c05-11e5ae2ad72e-139636657270784","trial_id":27,"param_name":"WallThickness","param_value_internal":3.3379782443471555,"distribution":"{\"name\": \"FloatDistribution\", \"attributes\": {\"step\": null, \"low\": 2.0, \"high\": 4.0, \"log\": false}}"}
{"op_code":5,"worker_id":"f2530293-e623-4917-8c05-11e5ae2ad72e-139636657270784","trial_id":27,"param_name":"PlateauHeight","param_value_internal":2.9035945444222344,"distribution":"{\"name\": \"FloatDistribution\", \"attributes\": {\"step\": null, \"low\": 2.0, \"high\": 4.0, \"log\": false}}"}
{"op_code":6,"worker_id":"f2530293-e623-4917-8c05-11e5ae2ad72e-139636657270784","trial_id":27,"state":1,"values":[-Infinity,-Infinity,-Infinity],"datetime_complete":"2026-05-28T19:51:14.328049"}
{"op_code":4,"worker_id":"f2530293-e623-4917-8c05-11e5ae2ad72e-139636657270784","study_id":0,"datetime_start":"2026-05-28T19:51:14.341158"}
{"op_code":9,"worker_id":"f2530293-e623-4917-8c05-11e5ae2ad72e-139636657270784","trial_id":28,"system_attr":{"nsga2:generation":0}}
{"op_code":5,"worker_id":"f2530293-e623-4917-8c05-11e5ae2ad72e-139636657270784","trial_id":28,"param_name":"JointSlopeAngle","param_value_internal":0.3663205650664778,"distribution":"{\"name\": \"FloatDistribution\", \"attributes\": {\"step\": null, \"low\": 0.17453292519943295, \"high\": 1.0471975511965976, \"log\": false}}"}
{"op_code":5,"worker_id":"f2530293-e623-4917-8c05-11e5ae2ad72e-139636657270784","trial_id":28,"param_name":"OuterRadius","param_value_internal":9.106694074072076,"distribution":"{\"name\": \"FloatDistribution\", \"attributes\": {\"step\": null, \"low\": 8.75, \"high\": 17.75, \"log\": false}}"}
{"op_code":5,"worker_id":"f2530293-e623-4917-8c05-11e5ae2ad72e-139636657270784","trial_id":28,"param_name":"JointHeight","param_value_internal":6.652605008067356,"distribution":"{\"name\": \"FloatDistribution\", \"attributes\": {\"step\": null, \"low\": 5.0, \"high\": 8.0, \"log\": false}}"}
{"op_code":5,"worker_id":"f2530293-e623-4917-8c05-11e5ae2ad72e-139636657270784","trial_id":28,"param_name":"CavityCorkThickness","param_value_internal":2.6758236773530686,"distribution":"{\"name\": \"FloatDistribution\", \"attributes\": {\"step\": null, \"low\": 2.0, \"high\": 5.0, \"log\": false}}"}
{"op_code":5,"worker_id":"f2530293-e623-4917-8c05-11e5ae2ad72e-139636657270784","trial_id":28,"param_name":"BellowHeight","param_value_internal":9.23125679705733,"distribution":"{\"name\": \"FloatDistribution\", \"attributes\": {\"step\": null, \"low\": 6.0, \"high\": 10.0, \"log\": false}}"}
{"op_code":5,"worker_id":"f2530293-e623-4917-8c05-11e5ae2ad72e-139636657270784","trial_id":28,"param_name":"WallThickness","param_value_internal":3.677728284398611,"distribution":"{\"name\": \"FloatDistribution\", \"attributes\": {\"step\": null, \"low\": 2.0, \"high\": 4.0, \"log\": false}}"}
{"op_code":5,"worker_id":"f2530293-e623-4917-8c05-11e5ae2ad72e-139636657270784","trial_id":28,"param_name":"PlateauHeight","param_value_internal":2.573331299819593,"distribution":"{\"name\": \"FloatDistribution\", \"attributes\": {\"step\": null, \"low\": 2.0, \"high\": 4.0, \"log\": false}}"}
{"op_code":6,"worker_id":"ebeb9857-3443-42f3-b405-d292855907cd-140375451369472","trial_id":26,"state":1,"values":[-Infinity,-Infinity,-Infinity],"datetime_complete":"2026-05-28T19:51:23.480405"}
{"op_code":4,"worker_id":"ebeb9857-3443-42f3-b405-d292855907cd-140375451369472","study_id":0,"datetime_start":"2026-05-28T19:51:23.496814"}
{"op_code":9,"worker_id":"ebeb9857-3443-42f3-b405-d292855907cd-140375451369472","trial_id":29,"system_attr":{"nsga2:generation":0}}
{"op_code":5,"worker_id":"ebeb9857-3443-42f3-b405-d292855907cd-140375451369472","trial_id":29,"param_name":"JointSlopeAngle","param_value_internal":0.5931631926498775,"distribution":"{\"name\": \"FloatDistribution\", \"attributes\": {\"step\": null, \"low\": 0.17453292519943295, \"high\": 1.0471975511965976, \"log\": false}}"}
{"op_code":5,"worker_id":"ebeb9857-3443-42f3-b405-d292855907cd-140375451369472","trial_id":29,"param_name":"OuterRadius","param_value_internal":15.790529055839766,"distribution":"{\"name\": \"FloatDistribution\", \"attributes\": {\"step\": null, \"low\": 8.75, \"high\": 17.75, \"log\": false}}"}
{"op_code":5,"worker_id":"ebeb9857-3443-42f3-b405-d292855907cd-140375451369472","trial_id":29,"param_name":"JointHeight","param_value_internal":5.43142009737515,"distribution":"{\"name\": \"FloatDistribution\", \"attributes\": {\"step\": null, \"low\": 5.0, \"high\": 8.0, \"log\": false}}"}
{"op_code":5,"worker_id":"ebeb9857-3443-42f3-b405-d292855907cd-140375451369472","trial_id":29,"param_name":"CavityCorkThickness","param_value_internal":2.523519635415462,"distribution":"{\"name\": \"FloatDistribution\", \"attributes\": {\"step\": null, \"low\": 2.0, \"high\": 5.0, \"log\": false}}"}
{"op_code":5,"worker_id":"ebeb9857-3443-42f3-b405-d292855907cd-140375451369472","trial_id":29,"param_name":"BellowHeight","param_value_internal":6.813689164039333,"distribution":"{\"name\": \"FloatDistribution\", \"attributes\": {\"step\": null, \"low\": 6.0, \"high\": 10.0, \"log\": false}}"}
{"op_code":5,"worker_id":"ebeb9857-3443-42f3-b405-d292855907cd-140375451369472","trial_id":29,"param_name":"WallThickness","param_value_internal":3.2110274415229396,"distribution":"{\"name\": \"FloatDistribution\", \"attributes\": {\"step\": null, \"low\": 2.0, \"high\": 4.0, \"log\": false}}"}
{"op_code":5,"worker_id":"ebeb9857-3443-42f3-b405-d292855907cd-140375451369472","trial_id":29,"param_name":"PlateauHeight","param_value_internal":3.2543415116100736,"distribution":"{\"name\": \"FloatDistribution\", \"attributes\": {\"step\": null, \"low\": 2.0, \"high\": 4.0, \"log\": false}}"}
{"op_code":6,"worker_id":"f2530293-e623-4917-8c05-11e5ae2ad72e-139636657270784","trial_id":28,"state":1,"values":[-Infinity,-Infinity,-Infinity],"datetime_complete":"2026-05-28T19:51:49.535748"}
{"op_code":4,"worker_id":"f2530293-e623-4917-8c05-11e5ae2ad72e-139636657270784","study_id":0,"datetime_start":"2026-05-28T19:51:49.547608"}
{"op_code":9,"worker_id":"f2530293-e623-4917-8c05-11e5ae2ad72e-139636657270784","trial_id":30,"system_attr":{"nsga2:generation":0}}
{"op_code":5,"worker_id":"f2530293-e623-4917-8c05-11e5ae2ad72e-139636657270784","trial_id":30,"param_name":"JointSlopeAngle","param_value_internal":0.8287305912957492,"distribution":"{\"name\": \"FloatDistribution\", \"attributes\": {\"step\": null, \"low\": 0.17453292519943295, \"high\": 1.0471975511965976, \"log\": false}}"}
{"op_code":5,"worker_id":"f2530293-e623-4917-8c05-11e5ae2ad72e-139636657270784","trial_id":30,"param_name":"OuterRadius","param_value_internal":11.685973731755723,"distribution":"{\"name\": \"FloatDistribution\", \"attributes\": {\"step\": null, \"low\": 8.75, \"high\": 17.75, \"log\": false}}"}
{"op_code":5,"worker_id":"f2530293-e623-4917-8c05-11e5ae2ad72e-139636657270784","trial_id":30,"param_name":"JointHeight","param_value_internal":6.61799834638801,"distribution":"{\"name\": \"FloatDistribution\", \"attributes\": {\"step\": null, \"low\": 5.0, \"high\": 8.0, \"log\": false}}"}
{"op_code":5,"worker_id":"f2530293-e623-4917-8c05-11e5ae2ad72e-139636657270784","trial_id":30,"param_name":"CavityCorkThickness","param_value_internal":2.4820057205790382,"distribution":"{\"name\": \"FloatDistribution\", \"attributes\": {\"step\": null, \"low\": 2.0, \"high\": 5.0, \"log\": false}}"}
{"op_code":5,"worker_id":"f2530293-e623-4917-8c05-11e5ae2ad72e-139636657270784","trial_id":30,"param_name":"BellowHeight","param_value_internal":7.40967986814208,"distribution":"{\"name\": \"FloatDistribution\", \"attributes\": {\"step\": null, \"low\": 6.0, \"high\": 10.0, \"log\": false}}"}
{"op_code":5,"worker_id":"f2530293-e623-4917-8c05-11e5ae2ad72e-139636657270784","trial_id":30,"param_name":"WallThickness","param_value_internal":3.3700594043049565,"distribution":"{\"name\": \"FloatDistribution\", \"attributes\": {\"step\": null, \"low\": 2.0, \"high\": 4.0, \"log\": false}}"}
{"op_code":5,"worker_id":"f2530293-e623-4917-8c05-11e5ae2ad72e-139636657270784","trial_id":30,"param_name":"PlateauHeight","param_value_internal":2.121239750383279,"distribution":"{\"name\": \"FloatDistribution\", \"attributes\": {\"step\": null, \"low\": 2.0, \"high\": 4.0, \"log\": false}}"}
{"op_code":6,"worker_id":"ebeb9857-3443-42f3-b405-d292855907cd-140375451369472","trial_id":29,"state":1,"values":[-Infinity,-Infinity,-Infinity],"datetime_complete":"2026-05-28T19:52:09.392168"}
{"op_code":4,"worker_id":"ebeb9857-3443-42f3-b405-d292855907cd-140375451369472","study_id":0,"datetime_start":"2026-05-28T19:52:09.407594"}
{"op_code":9,"worker_id":"ebeb9857-3443-42f3-b405-d292855907cd-140375451369472","trial_id":31,"system_attr":{"nsga2:generation":0}}
{"op_code":5,"worker_id":"ebeb9857-3443-42f3-b405-d292855907cd-140375451369472","trial_id":31,"param_name":"JointSlopeAngle","param_value_internal":0.2709777007097321,"distribution":"{\"name\": \"FloatDistribution\", \"attributes\": {\"step\": null, \"low\": 0.17453292519943295, \"high\": 1.0471975511965976, \"log\": false}}"}
{"op_code":5,"worker_id":"ebeb9857-3443-42f3-b405-d292855907cd-140375451369472","trial_id":31,"param_name":"OuterRadius","param_value_internal":12.233122030804623,"distribution":"{\"name\": \"FloatDistribution\", \"attributes\": {\"step\": null, \"low\": 8.75, \"high\": 17.75, \"log\": false}}"}
{"op_code":5,"worker_id":"ebeb9857-3443-42f3-b405-d292855907cd-140375451369472","trial_id":31,"param_name":"JointHeight","param_value_internal":6.02253136436043,"distribution":"{\"name\": \"FloatDistribution\", \"attributes\": {\"step\": null, \"low\": 5.0, \"high\": 8.0, \"log\": false}}"}
{"op_code":5,"worker_id":"ebeb9857-3443-42f3-b405-d292855907cd-140375451369472","trial_id":31,"param_name":"CavityCorkThickness","param_value_internal":3.011899336768828,"distribution":"{\"name\": \"FloatDistribution\", \"attributes\": {\"step\": null, \"low\": 2.0, \"high\": 5.0, \"log\": false}}"}
{"op_code":5,"worker_id":"ebeb9857-3443-42f3-b405-d292855907cd-140375451369472","trial_id":31,"param_name":"BellowHeight","param_value_internal":7.615804390820084,"distribution":"{\"name\": \"FloatDistribution\", \"attributes\": {\"step\": null, \"low\": 6.0, \"high\": 10.0, \"log\": false}}"}
{"op_code":5,"worker_id":"ebeb9857-3443-42f3-b405-d292855907cd-140375451369472","trial_id":31,"param_name":"WallThickness","param_value_internal":3.9438825262865995,"distribution":"{\"name\": \"FloatDistribution\", \"attributes\": {\"step\": null, \"low\": 2.0, \"high\": 4.0, \"log\": false}}"}
{"op_code":5,"worker_id":"ebeb9857-3443-42f3-b405-d292855907cd-140375451369472","trial_id":31,"param_name":"PlateauHeight","param_value_internal":3.4035904802073977,"distribution":"{\"name\": \"FloatDistribution\", \"attributes\": {\"step\": null, \"low\": 2.0, \"high\": 4.0, \"log\": false}}"}
{"op_code":6,"worker_id":"f2530293-e623-4917-8c05-11e5ae2ad72e-139636657270784","trial_id":30,"state":1,"values":[-Infinity,-Infinity,-Infinity],"datetime_complete":"2026-05-28T19:52:23.775114"}
{"op_code":4,"worker_id":"f2530293-e623-4917-8c05-11e5ae2ad72e-139636657270784","study_id":0,"datetime_start":"2026-05-28T19:52:23.787165"}
{"op_code":9,"worker_id":"f2530293-e623-4917-8c05-11e5ae2ad72e-139636657270784","trial_id":32,"system_attr":{"nsga2:generation":0}}
{"op_code":5,"worker_id":"f2530293-e623-4917-8c05-11e5ae2ad72e-139636657270784","trial_id":32,"param_name":"JointSlopeAngle","param_value_internal":0.65797665954555,"distribution":"{\"name\": \"FloatDistribution\", \"attributes\": {\"step\": null, \"low\": 0.17453292519943295, \"high\": 1.0471975511965976, \"log\": false}}"}
{"op_code":5,"worker_id":"f2530293-e623-4917-8c05-11e5ae2ad72e-139636657270784","trial_id":32,"param_name":"OuterRadius","param_value_internal":17.283363795954784,"distribution":"{\"name\": \"FloatDistribution\", \"attributes\": {\"step\": null, \"low\": 8.75, \"high\": 17.75, \"log\": false}}"}
{"op_code":5,"worker_id":"f2530293-e623-4917-8c05-11e5ae2ad72e-139636657270784","trial_id":32,"param_name":"JointHeight","param_value_internal":6.4504757022297134,"distribution":"{\"name\": \"FloatDistribution\", \"attributes\": {\"step\": null, \"low\": 5.0, \"high\": 8.0, \"log\": false}}"}
{"op_code":5,"worker_id":"f2530293-e623-4917-8c05-11e5ae2ad72e-139636657270784","trial_id":32,"param_name":"CavityCorkThickness","param_value_internal":2.5889833880263495,"distribution":"{\"name\": \"FloatDistribution\", \"attributes\": {\"step\": null, \"low\": 2.0, \"high\": 5.0, \"log\": false}}"}
{"op_code":5,"worker_id":"f2530293-e623-4917-8c05-11e5ae2ad72e-139636657270784","trial_id":32,"param_name":"BellowHeight","param_value_internal":7.57129598229629,"distribution":"{\"name\": \"FloatDistribution\", \"attributes\": {\"step\": null, \"low\": 6.0, \"high\": 10.0, \"log\": false}}"}
{"op_code":5,"worker_id":"f2530293-e623-4917-8c05-11e5ae2ad72e-139636657270784","trial_id":32,"param_name":"WallThickness","param_value_internal":2.732811314757046,"distribution":"{\"name\": \"FloatDistribution\", \"attributes\": {\"step\": null, \"low\": 2.0, \"high\": 4.0, \"log\": false}}"}
{"op_code":5,"worker_id":"f2530293-e623-4917-8c05-11e5ae2ad72e-139636657270784","trial_id":32,"param_name":"PlateauHeight","param_value_internal":3.0003842441901742,"distribution":"{\"name\": \"FloatDistribution\", \"attributes\": {\"step\": null, \"low\": 2.0, \"high\": 4.0, \"log\": false}}"}
{"op_code":6,"worker_id":"ebeb9857-3443-42f3-b405-d292855907cd-140375451369472","trial_id":31,"state":1,"values":[-Infinity,-Infinity,-Infinity],"datetime_complete":"2026-05-28T19:52:51.273504"}
{"op_code":4,"worker_id":"ebeb9857-3443-42f3-b405-d292855907cd-140375451369472","study_id":0,"datetime_start":"2026-05-28T19:52:51.288611"}
{"op_code":9,"worker_id":"ebeb9857-3443-42f3-b405-d292855907cd-140375451369472","trial_id":33,"system_attr":{"nsga2:generation":0}}
{"op_code":5,"worker_id":"ebeb9857-3443-42f3-b405-d292855907cd-140375451369472","trial_id":33,"param_name":"JointSlopeAngle","param_value_internal":0.9454032360429651,"distribution":"{\"name\": \"FloatDistribution\", \"attributes\": {\"step\": null, \"low\": 0.17453292519943295, \"high\": 1.0471975511965976, \"log\": false}}"}
{"op_code":5,"worker_id":"ebeb9857-3443-42f3-b405-d292855907cd-140375451369472","trial_id":33,"param_name":"OuterRadius","param_value_internal":13.844581729102927,"distribution":"{\"name\": \"FloatDistribution\", \"attributes\": {\"step\": null, \"low\": 8.75, \"high\": 17.75, \"log\": false}}"}
{"op_code":5,"worker_id":"ebeb9857-3443-42f3-b405-d292855907cd-140375451369472","trial_id":33,"param_name":"JointHeight","param_value_internal":5.979399413427183,"distribution":"{\"name\": \"FloatDistribution\", \"attributes\": {\"step\": null, \"low\": 5.0, \"high\": 8.0, \"log\": false}}"}
{"op_code":5,"worker_id":"ebeb9857-3443-42f3-b405-d292855907cd-140375451369472","trial_id":33,"param_name":"CavityCorkThickness","param_value_internal":4.166276277344023,"distribution":"{\"name\": \"FloatDistribution\", \"attributes\": {\"step\": null, \"low\": 2.0, \"high\": 5.0, \"log\": false}}"}
{"op_code":5,"worker_id":"ebeb9857-3443-42f3-b405-d292855907cd-140375451369472","trial_id":33,"param_name":"BellowHeight","param_value_internal":9.820000061511173,"distribution":"{\"name\": \"FloatDistribution\", \"attributes\": {\"step\": null, \"low\": 6.0, \"high\": 10.0, \"log\": false}}"}
{"op_code":5,"worker_id":"ebeb9857-3443-42f3-b405-d292855907cd-140375451369472","trial_id":33,"param_name":"WallThickness","param_value_internal":2.225799674288929,"distribution":"{\"name\": \"FloatDistribution\", \"attributes\": {\"step\": null, \"low\": 2.0, \"high\": 4.0, \"log\": false}}"}
{"op_code":5,"worker_id":"ebeb9857-3443-42f3-b405-d292855907cd-140375451369472","trial_id":33,"param_name":"PlateauHeight","param_value_internal":3.1222191151395355,"distribution":"{\"name\": \"FloatDistribution\", \"attributes\": {\"step\": null, \"low\": 2.0, \"high\": 4.0, \"log\": false}}"}
{"op_code":6,"worker_id":"f2530293-e623-4917-8c05-11e5ae2ad72e-139636657270784","trial_id":32,"state":1,"values":[-Infinity,-Infinity,-Infinity],"datetime_complete":"2026-05-28T19:52:58.026084"}
{"op_code":4,"worker_id":"f2530293-e623-4917-8c05-11e5ae2ad72e-139636657270784","study_id":0,"datetime_start":"2026-05-28T19:52:58.039732"}
{"op_code":9,"worker_id":"f2530293-e623-4917-8c05-11e5ae2ad72e-139636657270784","trial_id":34,"system_attr":{"nsga2:generation":0}}
{"op_code":5,"worker_id":"f2530293-e623-4917-8c05-11e5ae2ad72e-139636657270784","trial_id":34,"param_name":"JointSlopeAngle","param_value_internal":0.5508230181331232,"distribution":"{\"name\": \"FloatDistribution\", \"attributes\": {\"step\": null, \"low\": 0.17453292519943295, \"high\": 1.0471975511965976, \"log\": false}}"}
{"op_code":5,"worker_id":"f2530293-e623-4917-8c05-11e5ae2ad72e-139636657270784","trial_id":34,"param_name":"OuterRadius","param_value_internal":13.561461778275696,"distribution":"{\"name\": \"FloatDistribution\", \"attributes\": {\"step\": null, \"low\": 8.75, \"high\": 17.75, \"log\": false}}"}
{"op_code":5,"worker_id":"f2530293-e623-4917-8c05-11e5ae2ad72e-139636657270784","trial_id":34,"param_name":"JointHeight","param_value_internal":5.40983429302634,"distribution":"{\"name\": \"FloatDistribution\", \"attributes\": {\"step\": null, \"low\": 5.0, \"high\": 8.0, \"log\": false}}"}
{"op_code":5,"worker_id":"f2530293-e623-4917-8c05-11e5ae2ad72e-139636657270784","trial_id":34,"param_name":"CavityCorkThickness","param_value_internal":4.202088233084705,"distribution":"{\"name\": \"FloatDistribution\", \"attributes\": {\"step\": null, \"low\": 2.0, \"high\": 5.0, \"log\": false}}"}
{"op_code":5,"worker_id":"f2530293-e623-4917-8c05-11e5ae2ad72e-139636657270784","trial_id":34,"param_name":"BellowHeight","param_value_internal":9.199198955780664,"distribution":"{\"name\": \"FloatDistribution\", \"attributes\": {\"step\": null, \"low\": 6.0, \"high\": 10.0, \"log\": false}}"}
{"op_code":5,"worker_id":"f2530293-e623-4917-8c05-11e5ae2ad72e-139636657270784","trial_id":34,"param_name":"WallThickness","param_value_internal":2.20842640279636,"distribution":"{\"name\": \"FloatDistribution\", \"attributes\": {\"step\": null, \"low\": 2.0, \"high\": 4.0, \"log\": false}}"}
{"op_code":5,"worker_id":"f2530293-e623-4917-8c05-11e5ae2ad72e-139636657270784","trial_id":34,"param_name":"PlateauHeight","param_value_internal":3.763948116736253,"distribution":"{\"name\": \"FloatDistribution\", \"attributes\": {\"step\": null, \"low\": 2.0, \"high\": 4.0, \"log\": false}}"}
